Component: Arm Compiler for Embedded 6.22 Tool: armlink [5ee90200]

==============================================================================

Section Cross References

    main.o(.text.main_blinky1) refers to bsp.o(.text.BSP_ledGreenOn) for BSP_ledGreenOn
    main.o(.text.main_blinky1) refers to bsp.o(.text.BSP_ledGreenOff) for BSP_ledGreenOff
    main.o(.text.main_blinky1) refers to qxk_xthr.o(.text.QXThread_delay) for QXThread_delay
    main.o(.ARM.exidx.text.main_blinky1) refers to main.o(.text.main_blinky1) for [Anonymous Symbol]
    main.o(.text.main_blinky2) refers to main.o(.bss.SW1_sema) for SW1_sema
    main.o(.text.main_blinky2) refers to qxk_sema.o(.text.QXSemaphore_wait) for QXSemaphore_wait
    main.o(.text.main_blinky2) refers to bsp.o(.text.BSP_ledBlueOn) for BSP_ledBlueOn
    main.o(.text.main_blinky2) refers to bsp.o(.text.BSP_ledBlueOff) for BSP_ledBlueOff
    main.o(.ARM.exidx.text.main_blinky2) refers to main.o(.text.main_blinky2) for [Anonymous Symbol]
    main.o(.text.main_blinky3) refers to bsp.o(.text.BSP_ledRedOn) for BSP_ledRedOn
    main.o(.text.main_blinky3) refers to qxk_xthr.o(.text.QXThread_delay) for QXThread_delay
    main.o(.text.main_blinky3) refers to bsp.o(.text.BSP_ledRedOff) for BSP_ledRedOff
    main.o(.ARM.exidx.text.main_blinky3) refers to main.o(.text.main_blinky3) for [Anonymous Symbol]
    main.o(.text.main) refers to bsp.o(.text.BSP_init) for BSP_init
    main.o(.text.main) refers to qxk.o(.text.QF_init) for QF_init
    main.o(.text.main) refers to main.o(.bss.SW1_sema) for SW1_sema
    main.o(.text.main) refers to qxk_sema.o(.text.QXSemaphore_init) for QXSemaphore_init
    main.o(.text.main) refers to main.o(.bss.blinky1) for blinky1
    main.o(.text.main) refers to main.o(.text.main_blinky1) for main_blinky1
    main.o(.text.main) refers to qxk_xthr.o(.text.QXThread_ctor) for QXThread_ctor
    main.o(.text.main) refers to main.o(.bss.stack_blinky1) for stack_blinky1
    main.o(.text.main) refers to qxk.o(.text.QActive_start_) for QActive_start_
    main.o(.text.main) refers to main.o(.bss.blinky2) for blinky2
    main.o(.text.main) refers to main.o(.text.main_blinky2) for main_blinky2
    main.o(.text.main) refers to main.o(.bss.stack_blinky2) for stack_blinky2
    main.o(.text.main) refers to qxk.o(.text.QF_run) for QF_run
    main.o(.ARM.exidx.text.main) refers to main.o(.text.main) for [Anonymous Symbol]
    bsp.o(.text.SysTick_Handler) refers to qf_time.o(.text.QTimeEvt_tick_) for QTimeEvt_tick_
    bsp.o(.text.SysTick_Handler) refers to qxk.o(.text.QXK_sched_) for QXK_sched_
    bsp.o(.ARM.exidx.text.SysTick_Handler) refers to bsp.o(.text.SysTick_Handler) for [Anonymous Symbol]
    bsp.o(.text.GPIOPortF_IRQHandler) refers to main.o(.bss.SW1_sema) for SW1_sema
    bsp.o(.text.GPIOPortF_IRQHandler) refers to qxk_sema.o(.text.QXSemaphore_signal) for QXSemaphore_signal
    bsp.o(.text.GPIOPortF_IRQHandler) refers to qxk.o(.text.QXK_sched_) for QXK_sched_
    bsp.o(.ARM.exidx.text.GPIOPortF_IRQHandler) refers to bsp.o(.text.GPIOPortF_IRQHandler) for [Anonymous Symbol]
    bsp.o(.ARM.exidx.text.BSP_init) refers to bsp.o(.text.BSP_init) for [Anonymous Symbol]
    bsp.o(.ARM.exidx.text.BSP_ledRedOn) refers to bsp.o(.text.BSP_ledRedOn) for [Anonymous Symbol]
    bsp.o(.ARM.exidx.text.BSP_ledRedOff) refers to bsp.o(.text.BSP_ledRedOff) for [Anonymous Symbol]
    bsp.o(.ARM.exidx.text.BSP_ledBlueOn) refers to bsp.o(.text.BSP_ledBlueOn) for [Anonymous Symbol]
    bsp.o(.ARM.exidx.text.BSP_ledBlueOff) refers to bsp.o(.text.BSP_ledBlueOff) for [Anonymous Symbol]
    bsp.o(.ARM.exidx.text.BSP_ledGreenOn) refers to bsp.o(.text.BSP_ledGreenOn) for [Anonymous Symbol]
    bsp.o(.ARM.exidx.text.BSP_ledGreenOff) refers to bsp.o(.text.BSP_ledGreenOff) for [Anonymous Symbol]
    bsp.o(.text.QF_onStartup) refers to system_tm4c123gh6pm.o(.text.SystemCoreClockUpdate) for SystemCoreClockUpdate
    bsp.o(.text.QF_onStartup) refers to system_tm4c123gh6pm.o(.data.SystemCoreClock) for SystemCoreClock
    bsp.o(.text.QF_onStartup) refers to bsp.o(.text.SysTick_Config) for SysTick_Config
    bsp.o(.text.QF_onStartup) refers to bsp.o(.text.__NVIC_SetPriority) for __NVIC_SetPriority
    bsp.o(.text.QF_onStartup) refers to bsp.o(.text.__NVIC_EnableIRQ) for __NVIC_EnableIRQ
    bsp.o(.ARM.exidx.text.QF_onStartup) refers to bsp.o(.text.QF_onStartup) for [Anonymous Symbol]
    bsp.o(.text.SysTick_Config) refers to bsp.o(.text.__NVIC_SetPriority) for __NVIC_SetPriority
    bsp.o(.ARM.exidx.text.SysTick_Config) refers to bsp.o(.text.SysTick_Config) for [Anonymous Symbol]
    bsp.o(.ARM.exidx.text.__NVIC_SetPriority) refers to bsp.o(.text.__NVIC_SetPriority) for [Anonymous Symbol]
    bsp.o(.ARM.exidx.text.__NVIC_EnableIRQ) refers to bsp.o(.text.__NVIC_EnableIRQ) for [Anonymous Symbol]
    bsp.o(.ARM.exidx.text.QF_onCleanup) refers to bsp.o(.text.QF_onCleanup) for [Anonymous Symbol]
    bsp.o(.ARM.exidx.text.QXK_onIdle) refers to bsp.o(.text.QXK_onIdle) for [Anonymous Symbol]
[...]
    Removing qf_qeq.o(.text), (0 bytes).
    Removing qf_qeq.o(.ARM.exidx.text.QEQueue_init), (8 bytes).
    Removing qf_qeq.o(.text.QEQueue_post), (272 bytes).
    Removing qf_qeq.o(.ARM.exidx.text.QEQueue_post), (8 bytes).
    Removing qf_qeq.o(.text.QEvt_getPoolId_), (16 bytes).
    Removing qf_qeq.o(.ARM.exidx.text.QEvt_getPoolId_), (8 bytes).
    Removing qf_qeq.o(.text.QEvt_refCtr_inc_), (16 bytes).
    Removing qf_qeq.o(.ARM.exidx.text.QEvt_refCtr_inc_), (8 bytes).
    Removing qf_qeq.o(.text.QEQueue_postLIFO), (196 bytes).
    Removing qf_qeq.o(.ARM.exidx.text.QEQueue_postLIFO), (8 bytes).
    Removing qf_qeq.o(.text.QEQueue_get), (168 bytes).
    Removing qf_qeq.o(.ARM.exidx.text.QEQueue_get), (8 bytes).
    Removing qf_qeq.o(.rodata.Q_this_module_), (7 bytes).
    Removing qf_qeq.o(.bss.QEQueue_dummy), (16 bytes).
    Removing qf_time.o(.text), (0 bytes).
    Removing qf_time.o(.ARM.exidx.text.QTimeEvt_ctorX), (8 bytes).
    Removing qf_time.o(.ARM.exidx.text.QEvt_ctor), (8 bytes).
    Removing qf_time.o(.text.QTimeEvt_armX), (184 bytes).
    Removing qf_time.o(.ARM.exidx.text.QTimeEvt_armX), (8 bytes).
    Removing qf_time.o(.text.QTimeEvt_disarm), (92 bytes).
    Removing qf_time.o(.ARM.exidx.text.QTimeEvt_disarm), (8 bytes).
    Removing qf_time.o(.text.QTimeEvt_rearm), (196 bytes).
    Removing qf_time.o(.ARM.exidx.text.QTimeEvt_rearm), (8 bytes).
    Removing qf_time.o(.text.QTimeEvt_wasDisarmed), (66 bytes).
    Removing qf_time.o(.ARM.exidx.text.QTimeEvt_wasDisarmed), (8 bytes).
    Removing qf_time.o(.text.QTimeEvt_currCtr), (42 bytes).
    Removing qf_time.o(.ARM.exidx.text.QTimeEvt_currCtr), (8 bytes).
    Removing qf_time.o(.ARM.exidx.text.QTimeEvt_tick_), (8 bytes).
    Removing qf_time.o(.text.QTimeEvt_noActive), (142 bytes).
    Removing qf_time.o(.ARM.exidx.text.QTimeEvt_noActive), (8 bytes).
    Removing qxk.o(.text), (0 bytes).
    Removing qxk.o(.text.QXK_schedLock), (160 bytes).
    Removing qxk.o(.ARM.exidx.text.QXK_schedLock), (8 bytes).
    Removing qxk.o(.text.QXK_schedUnlock), (152 bytes).
    Removing qxk.o(.ARM.exidx.text.QXK_schedUnlock), (8 bytes).
    Removing qxk.o(.ARM.exidx.text.QXK_sched_), (8 bytes).
    Removing qxk.o(.ARM.exidx.text.QXK_activate_), (8 bytes).
    Removing qxk.o(.text.QXK_current), (138 bytes).
    Removing qxk.o(.ARM.exidx.text.QXK_current), (8 bytes).
    Removing qxk.o(.ARM.exidx.text.QPSet_verify_), (8 bytes).
    Removing qxk.o(.ARM.exidx.text.QPSet_isEmpty), (8 bytes).
    Removing qxk.o(.ARM.exidx.text.QPSet_findMax), (8 bytes).
    Removing qxk.o(.ARM.exidx.text.QPSet_hasElement), (8 bytes).
    Removing qxk.o(.ARM.exidx.text.QPSet_remove), (8 bytes).
    Removing qxk.o(.ARM.exidx.text.QPSet_update_), (8 bytes).
    Removing qxk.o(.text.QXK_contextSw_), (20 bytes).
    Removing qxk.o(.ARM.exidx.text.QXK_contextSw_), (8 bytes).
    Removing qxk.o(.ARM.exidx.text.QXK_threadExit_), (8 bytes).
    Removing qxk.o(.ARM.exidx.text.QF_init), (8 bytes).
    Removing qxk.o(.text.QF_stop), (8 bytes).
    Removing qxk.o(.ARM.exidx.text.QF_stop), (8 bytes).
    Removing qxk.o(.ARM.exidx.text.QF_run), (8 bytes).
    Removing qxk.o(.ARM.exidx.text.QActive_start_), (8 bytes).
    Removing qxk.o(.ARM.exidx.text.QPSet_insert), (8 bytes).
    Removing qxk_mutex.o(.text), (0 bytes).
    Removing qxk_mutex.o(.text.QXMutex_init), (98 bytes).
    Removing qxk_mutex.o(.ARM.exidx.text.QXMutex_init), (8 bytes).
    Removing qxk_mutex.o(.text.QXMutex_lock), (700 bytes).
    Removing qxk_mutex.o(.ARM.exidx.text.QXMutex_lock), (8 bytes).
    Removing qxk_mutex.o(.text.QPSet_remove), (26 bytes).
    Removing qxk_mutex.o(.ARM.exidx.text.QPSet_remove), (8 bytes).
    Removing qxk_mutex.o(.text.QPSet_insert), (26 bytes).
    Removing qxk_mutex.o(.ARM.exidx.text.QPSet_insert), (8 bytes).
    Removing qxk_mutex.o(.text.QPSet_update_), (20 bytes).
    Removing qxk_mutex.o(.ARM.exidx.text.QPSet_update_), (8 bytes).
    Removing qxk_mutex.o(.text.QPSet_hasElement), (24 bytes).
    Removing qxk_mutex.o(.ARM.exidx.text.QPSet_hasElement), (8 bytes).
    Removing qxk_mutex.o(.text.QXMutex_tryLock), (500 bytes).
    Removing qxk_mutex.o(.ARM.exidx.text.QXMutex_tryLock), (8 bytes).
    Removing qxk_mutex.o(.text.QXMutex_unlock), (618 bytes).
    Removing qxk_mutex.o(.ARM.exidx.text.QXMutex_unlock), (8 bytes).
    Removing qxk_mutex.o(.text.QPSet_notEmpty), (18 bytes).
    Removing qxk_mutex.o(.ARM.exidx.text.QPSet_notEmpty), (8 bytes).
    Removing qxk_mutex.o(.text.QPSet_findMax), (20 bytes).
    Removing qxk_mutex.o(.ARM.exidx.text.QPSet_findMax), (8 bytes).
    Removing qxk_mutex.o(.rodata.Q_this_module_), (10 bytes).
    Removing qxk_sema.o(.text), (0 bytes).
    Removing qxk_sema.o(.ARM.exidx.text.QXSemaphore_init), (8 bytes).
    Removing qxk_sema.o(.ARM.exidx.text.QPSet_setEmpty), (8 bytes).
    Removing qxk_sema.o(.ARM.exidx.text.QXSemaphore_wait), (8 bytes).
    Removing qxk_sema.o(.ARM.exidx.text.QPSet_remove), (8 bytes).
    Removing qxk_sema.o(.ARM.exidx.text.QPSet_update_), (8 bytes).
    Removing qxk_sema.o(.ARM.exidx.text.QPSet_insert), (8 bytes).
    Removing qxk_sema.o(.ARM.exidx.text.QPSet_hasElement), (8 bytes).
    Removing qxk_sema.o(.text.QXSemaphore_tryWait), (102 bytes).
    Removing qxk_sema.o(.ARM.exidx.text.QXSemaphore_tryWait), (8 bytes).
    Removing qxk_sema.o(.ARM.exidx.text.QXSemaphore_signal), (8 bytes).
    Removing qxk_sema.o(.ARM.exidx.text.QPSet_notEmpty), (8 bytes).
    Removing qxk_sema.o(.ARM.exidx.text.QPSet_findMax), (8 bytes).
    Removing qxk_xthr.o(.text), (0 bytes).
    Removing qxk_xthr.o(.ARM.exidx.text.QXThread_ctor), (8 bytes).
    Removing qxk_xthr.o(.ARM.exidx.text.QXThread_delay), (8 bytes).
    Removing qxk_xthr.o(.ARM.exidx.text.QXThread_teArm_), (8 bytes).
    Removing qxk_xthr.o(.ARM.exidx.text.QXThread_block_), (8 bytes).
    Removing qxk_xthr.o(.text.QXThread_delayCancel), (82 bytes).
    Removing qxk_xthr.o(.ARM.exidx.text.QXThread_delayCancel), (8 bytes).
    Removing qxk_xthr.o(.ARM.exidx.text.QXThread_teDisarm_), (8 bytes).
    Removing qxk_xthr.o(.ARM.exidx.text.QXThread_unblock_), (8 bytes).
    Removing qxk_xthr.o(.text.QXThread_queueGet), (404 bytes).
    Removing qxk_xthr.o(.ARM.exidx.text.QXThread_queueGet), (8 bytes).
    Removing qxk_xthr.o(.ARM.exidx.text.QPSet_remove), (8 bytes).
    Removing qxk_xthr.o(.ARM.exidx.text.QPSet_update_), (8 bytes).
    Removing qxk_xthr.o(.ARM.exidx.text.QPSet_insert), (8 bytes).
    Removing qxk_xthr.o(.ARM.exidx.text.QXThread_timeout_), (8 bytes).
    Removing qxk_xthr.o(.bss.QXThread_dummy), (4 bytes).
    Removing qxk_port.o(.text), (0 bytes).
    Removing qxk_port.o(.ARM.exidx.text.QXThread_stackInit_), (8 bytes).
    Removing qxk_port.o(.ARM.exidx.text.QXK_init), (8 bytes).
    Removing qxk_port.o(.ARM.exidx.text.PendSV_Handler), (8 bytes).
    Removing qxk_port.o(.ARM.exidx.text.QXK_thread_ret), (8 bytes).
    Removing qxk_port.o(.ARM.exidx.text.NMI_Handler), (8 bytes).
    Removing qep_hsm.o(.text), (0 bytes).
    Removing qep_hsm.o(.ARM.exidx.text.QHsm_ctor), (8 bytes).
    Removing qep_hsm.o(.ARM.exidx.text.QHsm_init_), (8 bytes).
    Removing qep_hsm.o(.ARM.exidx.text.QHsm_dispatch_), (8 bytes).
    Removing qep_hsm.o(.ARM.exidx.text.QHsm_top), (8 bytes).
    Removing qep_hsm.o(.ARM.exidx.text.QEvt_verify_), (8 bytes).
    Removing qep_hsm.o(.ARM.exidx.text.QHsm_tran_), (8 bytes).
    Removing qep_hsm.o(.text.QHsm_isIn), (152 bytes).
    Removing qep_hsm.o(.ARM.exidx.text.QHsm_isIn), (8 bytes).
    Removing qep_hsm.o(.text.QHsm_childState), (160 bytes).
    Removing qep_hsm.o(.ARM.exidx.text.QHsm_childState), (8 bytes).
    Removing qep_hsm.o(.rodata.QP_versionStr), (8 bytes).

257 unused section(s) (total 10250 bytes) removed from the image.

==============================================================================

Image Symbol Table

    Local Symbols

    Symbol Name                              Value     Ov Type        Size  Object(Section)

    ../clib/angel/boardlib.s                 0x00000000   Number         0  boardinit1.o ABSOLUTE
    ../clib/angel/boardlib.s                 0x00000000   Number         0  boardinit2.o ABSOLUTE
    ../clib/angel/boardlib.s                 0x00000000   Number         0  boardinit3.o ABSOLUTE
    ../clib/angel/boardlib.s                 0x00000000   Number         0  boardshut.o ABSOLUTE
    ../clib/angel/handlers.s                 0x00000000   Number         0  __scatter_copy.o ABSOLUTE
    ../clib/angel/handlers.s                 0x00000000   Number         0  __scatter_zi.o ABSOLUTE
    ../clib/angel/kernel.s                   0x00000000   Number         0  __rtentry.o ABSOLUTE
    ../clib/angel/kernel.s                   0x00000000   Number         0  __rtentry2.o ABSOLUTE
    ../clib/angel/kernel.s                   0x00000000   Number         0  __rtentry4.o ABSOLUTE
    ../clib/angel/kernel.s                   0x00000000   Number         0  rtexit.o ABSOLUTE
    ../clib/angel/kernel.s                   0x00000000   Number         0  rtexit2.o ABSOLUTE
    ../clib/angel/rt.s                       0x00000000   Number         0  rt_raise.o ABSOLUTE
    ../clib/angel/scatter.s                  0x00000000   Number         0  __scatter.o ABSOLUTE
    ../clib/angel/startup.s                  0x00000000   Number         0  __main.o ABSOLUTE
    ../clib/angel/sys.s                      0x00000000   Number         0  sys_stackheap_outer.o ABSOLUTE
    ../clib/angel/sys.s                      0x00000000   Number         0  libspace.o ABSOLUTE
    ../clib/angel/sys.s                      0x00000000   Number         0  use_no_semi.o ABSOLUTE
    ../clib/angel/sys.s                      0x00000000   Number         0  indicate_semi.o ABSOLUTE
    ../clib/angel/sysapp.c                   0x00000000   Number         0  sys_exit.o ABSOLUTE
    ../clib/angel/sysapp.c                   0x00000000   Number         0  sys_exit_hlt.o ABSOLUTE
    ../clib/angel/sysapp.c                   0x00000000   Number         0  sys_command.o ABSOLUTE
    ../clib/angel/sysapp.c                   0x00000000   Number         0  sys_command_hlt.o ABSOLUTE
    ../clib/angel/sysapp.c                   0x00000000   Number         0  sys_wrch.o ABSOLUTE
    ../clib/angel/sysapp.c                   0x00000000   Number         0  sys_wrch_hlt.o ABSOLUTE
    ../clib/armsys.c                         0x00000000   Number         0  argv_veneer.o ABSOLUTE
    ../clib/armsys.c                         0x00000000   Number         0  argv_veneer.o ABSOLUTE
    ../clib/armsys.c                         0x00000000   Number         0  _get_argv_nomalloc.o ABSOLUTE
    ../clib/armsys.c                         0x00000000   Number         0  no_argv.o ABSOLUTE
    ../clib/heapalloc.c                      0x00000000   Number         0  hrguard.o ABSOLUTE
    ../clib/heapaux.c                        0x00000000   Number         0  heapauxi.o ABSOLUTE
    ../clib/libinit.s                        0x00000000   Number         0  libinit.o ABSOLUTE
    ../clib/libinit.s                        0x00000000   Number         0  libinit2.o ABSOLUTE
    ../clib/libinit.s                        0x00000000   Number         0  libshutdown.o ABSOLUTE
    ../clib/libinit.s                        0x00000000   Number         0  libshutdown2.o ABSOLUTE
    ../clib/signal.c                         0x00000000   Number         0  defsig_rtmem_outer.o ABSOLUTE
    ../clib/signal.c                         0x00000000   Number         0  defsig_rtmem_formal.o ABSOLUTE
    ../clib/signal.c                         0x00000000   Number         0  defsig_exit.o ABSOLUTE
    ../clib/signal.c                         0x00000000   Number         0  defsig_rtmem_inner.o ABSOLUTE
    ../clib/signal.c                         0x00000000   Number         0  __raise.o ABSOLUTE
    ../clib/signal.c                         0x00000000   Number         0  defsig_general.o ABSOLUTE
    ../clib/signal.c                         0x00000000   Number         0  defsig_abrt_inner.o ABSOLUTE
    ../clib/signal.c                         0x00000000   Number         0  defsig_fpe_inner.o ABSOLUTE
    ../clib/signal.c                         0x00000000   Number         0  defsig_rtred_inner.o ABSOLUTE
    ../clib/signal.c                         0x00000000   Number         0  defsig_stak_inner.o ABSOLUTE
    ../clib/signal.c                         0x00000000   Number         0  defsig_pvfn_inner.o ABSOLUTE
    ../clib/signal.c                         0x00000000   Number         0  defsig_cppl_inner.o ABSOLUTE
    ../clib/signal.c                         0x00000000   Number         0  defsig_segv_inner.o ABSOLUTE
    ../clib/signal.c                         0x00000000   Number         0  defsig_other.o ABSOLUTE
    ../clib/signal.s                         0x00000000   Number         0  defsig.o ABSOLUTE
    ../clib/stdlib.c                         0x00000000   Number         0  exit.o ABSOLUTE
    ../ek-tm4c123gxl/arm/startup_TM4C123GH6PM.s 0x00000000   Number         0  startup_tm4c123gh6pm.o ABSOLUTE
    ../fplib/fpinit.s                        0x00000000   Number         0  fpinit.o ABSOLUTE
    bsp.c                                    0x00000000   Number         0  bsp.o ABSOLUTE
    dc.s                                     0x00000000   Number         0  dc.o ABSOLUTE
    main.c                                   0x00000000   Number         0  main.o ABSOLUTE
    qep_hsm.c                                0x00000000   Number         0  qep_hsm.o ABSOLUTE
    qf_act.c                                 0x00000000   Number         0  qf_act.o ABSOLUTE
    qf_actq.c                                0x00000000   Number         0  qf_actq.o ABSOLUTE
    qf_defer.c                               0x00000000   Number         0  qf_defer.o ABSOLUTE
    qf_dyn.c                                 0x00000000   Number         0  qf_dyn.o ABSOLUTE
    qf_mem.c                                 0x00000000   Number         0  qf_mem.o ABSOLUTE
    qf_ps.c                                  0x00000000   Number         0  qf_ps.o ABSOLUTE
    qf_qact.c                                0x00000000   Number         0  qf_qact.o ABSOLUTE
    qf_qeq.c                                 0x00000000   Number         0  qf_qeq.o ABSOLUTE
    qf_time.c                                0x00000000   Number         0  qf_time.o ABSOLUTE
    qxk.c                                    0x00000000   Number         0  qxk.o ABSOLUTE
    qxk_mutex.c                              0x00000000   Number         0  qxk_mutex.o ABSOLUTE
    qxk_port.c                               0x00000000   Number         0  qxk_port.o ABSOLUTE
    qxk_sema.c                               0x00000000   Number         0  qxk_sema.o ABSOLUTE
    qxk_xthr.c                               0x00000000   Number         0  qxk_xthr.o ABSOLUTE
    system_TM4C123GH6PM.c                    0x00000000   Number         0  system_tm4c123gh6pm.o ABSOLUTE
    RESET                                    0x00000000   Section      876  startup_tm4c123gh6pm.o(RESET)
    __relocated_vector_table                 0x00000100   Data           0  startup_tm4c123gh6pm.o(RESET)
    !!!main                                  0x0000036c   Section        8  __main.o(!!!main)
    !!!scatter                               0x00000374   Section       92  __scatter.o(!!!scatter)
    !!handler_copy                           0x000003d0   Section       26  __scatter_copy.o(!!handler_copy)
    !!handler_null                           0x000003ec   Section        2  __scatter.o(!!handler_null)
    !!handler_zi                             0x000003f0   Section       28  __scatter_zi.o(!!handler_zi)
    .ARM.Collect$$libinit$$00000000          0x0000040c   Section        2  libinit.o(.ARM.Collect$$libinit$$00000000)
    .ARM.Collect$$libinit$$00000001          0x0000040e   Section        4  libinit2.o(.ARM.Collect$$libinit$$00000001)
    .ARM.Collect$$libinit$$00000004          0x00000412   Section        0  libinit2.o(.ARM.Collect$$libinit$$00000004)
    .ARM.Collect$$libinit$$00000006          0x00000412   Section        0  libinit2.o(.ARM.Collect$$libinit$$00000006)
    .ARM.Collect$$libinit$$0000000C          0x00000412   Section        0  libinit2.o(.ARM.Collect$$libinit$$0000000C)
    .ARM.Collect$$libinit$$0000000E          0x00000412   Section        0  libinit2.o(.ARM.Collect$$libinit$$0000000E)
    .ARM.Collect$$libinit$$00000010          0x00000412   Section        0  libinit2.o(.ARM.Collect$$libinit$$00000010)
    .ARM.Collect$$libinit$$00000013          0x00000412   Section        0  libinit2.o(.ARM.Collect$$libinit$$00000013)
    .ARM.Collect$$libinit$$00000015          0x00000412   Section        0  libinit2.o(.ARM.Collect$$libinit$$00000015)
    .ARM.Collect$$libinit$$00000017          0x00000412   Section        0  libinit2.o(.ARM.Collect$$libinit$$00000017)
    .ARM.Collect$$libinit$$00000019          0x00000412   Section        0  libinit2.o(.ARM.Collect$$libinit$$00000019)
    .ARM.Collect$$libinit$$0000001B          0x00000412   Section        0  libinit2.o(.ARM.Collect$$libinit$$0000001B)
    .ARM.Collect$$libinit$$0000001D          0x00000412   Section        0  libinit2.o(.ARM.Collect$$libinit$$0000001D)
    .ARM.Collect$$libinit$$0000001F          0x00000412   Section        0  libinit2.o(.ARM.Collect$$libinit$$0000001F)
    .ARM.Collect$$libinit$$00000021          0x00000412   Section        0  libinit2.o(.ARM.Collect$$libinit$$00000021)
    .ARM.Collect$$libinit$$00000023          0x00000412   Section        0  libinit2.o(.ARM.Collect$$libinit$$00000023)
    .ARM.Collect$$libinit$$00000025          0x00000412   Section        0  libinit2.o(.ARM.Collect$$libinit$$00000025)
    .ARM.Collect$$libinit$$00000027          0x00000412   Section        0  libinit2.o(.ARM.Collect$$libinit$$00000027)
    .ARM.Collect$$libinit$$0000002E          0x00000412   Section        0  libinit2.o(.ARM.Collect$$libinit$$0000002E)
    .ARM.Collect$$libinit$$00000030          0x00000412   Section        0  libinit2.o(.ARM.Collect$$libinit$$00000030)
    .ARM.Collect$$libinit$$00000032          0x00000412   Section        0  libinit2.o(.ARM.Collect$$libinit$$00000032)
    .ARM.Collect$$libinit$$00000034          0x00000412   Section        0  libinit2.o(.ARM.Collect$$libinit$$00000034)
    .ARM.Collect$$libinit$$00000035          0x00000412   Section        2  libinit2.o(.ARM.Collect$$libinit$$00000035)
    .ARM.Collect$$libshutdown$$00000000      0x00000414   Section        2  libshutdown.o(.ARM.Collect$$libshutdown$$00000000)
    .ARM.Collect$$libshutdown$$00000002      0x00000416   Section        0  libshutdown2.o(.ARM.Collect$$libshutdown$$00000002)
    .ARM.Collect$$libshutdown$$00000004      0x00000416   Section        0  libshutdown2.o(.ARM.Collect$$libshutdown$$00000004)
    .ARM.Collect$$libshutdown$$00000007      0x00000416   Section        0  libshutdown2.o(.ARM.Collect$$libshutdown$$00000007)
    .ARM.Collect$$libshutdown$$0000000A      0x00000416   Section        0  libshutdown2.o(.ARM.Collect$$libshutdown$$0000000A)
    .ARM.Collect$$libshutdown$$0000000C      0x00000416   Section        0  libshutdown2.o(.ARM.Collect$$libshutdown$$0000000C)
    .ARM.Collect$$libshutdown$$0000000F      0x00000416   Section        0  libshutdown2.o(.ARM.Collect$$libshutdown$$0000000F)
    .ARM.Collect$$libshutdown$$00000010      0x00000416   Section        2  libshutdown2.o(.ARM.Collect$$libshutdown$$00000010)
    .ARM.Collect$$rtentry$$00000000          0x00000418   Section        0  __rtentry.o(.ARM.Collect$$rtentry$$00000000)
    .ARM.Collect$$rtentry$$00000002          0x00000418   Section        0  __rtentry2.o(.ARM.Collect$$rtentry$$00000002)
    .ARM.Collect$$rtentry$$00000004          0x00000418   Section        6  __rtentry4.o(.ARM.Collect$$rtentry$$00000004)
    .ARM.Collect$$rtentry$$00000009          0x0000041e   Section        0  __rtentry2.o(.ARM.Collect$$rtentry$$00000009)
    .ARM.Collect$$rtentry$$0000000A          0x0000041e   Section        4  __rtentry2.o(.ARM.Collect$$rtentry$$0000000A)
    .ARM.Collect$$rtentry$$0000000C          0x00000422   Section        0  __rtentry2.o(.ARM.Collect$$rtentry$$0000000C)
    .ARM.Collect$$rtentry$$0000000D          0x00000422   Section        8  __rtentry2.o(.ARM.Collect$$rtentry$$0000000D)
    .ARM.Collect$$rtexit$$00000000           0x0000042a   Section        2  rtexit.o(.ARM.Collect$$rtexit$$00000000)
    .ARM.Collect$$rtexit$$00000002           0x0000042c   Section        0  rtexit2.o(.ARM.Collect$$rtexit$$00000002)
    .ARM.Collect$$rtexit$$00000003           0x0000042c   Section        4  rtexit2.o(.ARM.Collect$$rtexit$$00000003)
    .ARM.Collect$$rtexit$$00000004           0x00000430   Section        6  rtexit2.o(.ARM.Collect$$rtexit$$00000004)
    $v0                                      0x00000438   Number         0  startup_tm4c123gh6pm.o(.text)
    .text                                    0x00000438   Section      356  startup_tm4c123gh6pm.o(.text)
    str_EXIT                                 0x00000454   Data           0  startup_tm4c123gh6pm.o(.text)
    str_NMI                                  0x00000466   Data           0  startup_tm4c123gh6pm.o(.text)
    str_HardFault                            0x0000047a   Data           0  startup_tm4c123gh6pm.o(.text)
    str_MemManage                            0x00000492   Data           0  startup_tm4c123gh6pm.o(.text)
    str_BusFault                             0x000004aa   Data           0  startup_tm4c123gh6pm.o(.text)
    str_UsageFault                           0x000004c2   Data           0  startup_tm4c123gh6pm.o(.text)
    str_SVC                                  0x000004da   Data           0  startup_tm4c123gh6pm.o(.text)
    str_DebugMon                             0x000004ee   Data           0  startup_tm4c123gh6pm.o(.text)
    str_PendSV                               0x00000506   Data           0  startup_tm4c123gh6pm.o(.text)
    str_SysTick                              0x0000051a   Data           0  startup_tm4c123gh6pm.o(.text)
    Default_Handler                          0x00000525   Thumb Code    24  startup_tm4c123gh6pm.o(.text)
    str_Undefined                            0x00000532   Data           0  startup_tm4c123gh6pm.o(.text)
    .text                                    0x0000059c   Section        0  heapauxi.o(.text)
    .text                                    0x000005a2   Section       74  sys_stackheap_outer.o(.text)
    .text                                    0x000005ec   Section        0  exit.o(.text)
    .text                                    0x00000600   Section        8  libspace.o(.text)
    .text                                    0x00000608   Section        0  sys_exit.o(.text)
    .text                                    0x00000614   Section        2  use_no_semi.o(.text)
    .text                                    0x00000616   Section        0  indicate_semi.o(.text)
    [Anonymous Symbol]                       0x00000618   Section        0  bsp.o(.text.BSP_init)
    [Anonymous Symbol]                       0x000006bc   Section        0  bsp.o(.text.BSP_ledBlueOff)
    [Anonymous Symbol]                       0x000006cc   Section        0  bsp.o(.text.BSP_ledBlueOn)
    [Anonymous Symbol]                       0x000006dc   Section        0  bsp.o(.text.BSP_ledGreenOff)
    [Anonymous Symbol]                       0x000006ec   Section        0  bsp.o(.text.BSP_ledGreenOn)
    [Anonymous Symbol]                       0x000006fc   Section        0  bsp.o(.text.GPIOPortF_IRQHandler)
    [Anonymous Symbol]                       0x0000075c   Section        0  qxk_port.o(.text.NMI_Handler)
    [Anonymous Symbol]                       0x00000778   Section        0  qxk_port.o(.text.PendSV_Handler)
    PendSV_activate                          0x000007a0   Number         0  qxk_port.o(.text.PendSV_Handler)
    PendSV_save_ao                           0x000007c6   Number         0  qxk_port.o(.text.PendSV_Handler)
    PendSV_restore_ao                        0x000007da   Number         0  qxk_port.o(.text.PendSV_Handler)
    PendSV_return                            0x00000802   Number         0  qxk_port.o(.text.PendSV_Handler)
    PendSV_save_ex                           0x0000080e   Number         0  qxk_port.o(.text.PendSV_Handler)
    PendSV_restore_ex                        0x00000830   Number         0  qxk_port.o(.text.PendSV_Handler)
    [Anonymous Symbol]                       0x00000868   Section        0  qf_qact.o(.text.QActive_ctor)
    [Anonymous Symbol]                       0x00000890   Section        0  qf_actq.o(.text.QActive_get_)
    [Anonymous Symbol]                       0x00000948   Section        0  qf_actq.o(.text.QActive_post_)
    [Anonymous Symbol]                       0x00000b1c   Section        0  qf_qact.o(.text.QActive_register_)
    [Anonymous Symbol]                       0x00000c88   Section        0  qxk.o(.text.QActive_start_)
    [Anonymous Symbol]                       0x00000ddc   Section        0  qf_qeq.o(.text.QEQueue_init)
    QEvt_ctor                                0x00000e1d   Thumb Code    38  qf_time.o(.text.QEvt_ctor)
    [Anonymous Symbol]                       0x00000e1c   Section        0  qf_time.o(.text.QEvt_ctor)
    QEvt_getPoolId_                          0x00000e45   Thumb Code    16  qf_actq.o(.text.QEvt_getPoolId_)
    [Anonymous Symbol]                       0x00000e44   Section        0  qf_actq.o(.text.QEvt_getPoolId_)
    QEvt_getPoolId_                          0x00000e55   Thumb Code    16  qf_dyn.o(.text.QEvt_getPoolId_)
    [Anonymous Symbol]                       0x00000e54   Section        0  qf_dyn.o(.text.QEvt_getPoolId_)
    QEvt_refCtr_dec_                         0x00000e65   Thumb Code    16  qf_dyn.o(.text.QEvt_refCtr_dec_)
    [Anonymous Symbol]                       0x00000e64   Section        0  qf_dyn.o(.text.QEvt_refCtr_dec_)
    QEvt_refCtr_inc_                         0x00000e75   Thumb Code    16  qf_actq.o(.text.QEvt_refCtr_inc_)
    [Anonymous Symbol]                       0x00000e74   Section        0  qf_actq.o(.text.QEvt_refCtr_inc_)
    QEvt_verify_                             0x00000e85   Thumb Code    44  qf_actq.o(.text.QEvt_verify_)
    [Anonymous Symbol]                       0x00000e84   Section        0  qf_actq.o(.text.QEvt_verify_)
    QEvt_verify_                             0x00000eb1   Thumb Code    44  qf_dyn.o(.text.QEvt_verify_)
    [Anonymous Symbol]                       0x00000eb0   Section        0  qf_dyn.o(.text.QEvt_verify_)
    QEvt_verify_                             0x00000edd   Thumb Code    44  qep_hsm.o(.text.QEvt_verify_)
    [Anonymous Symbol]                       0x00000edc   Section        0  qep_hsm.o(.text.QEvt_verify_)
    [Anonymous Symbol]                       0x00000f08   Section        0  qf_act.o(.text.QF_bzero_)
    [Anonymous Symbol]                       0x00000f38   Section        0  qf_dyn.o(.text.QF_gc)
    [Anonymous Symbol]                       0x00000ff4   Section        0  qxk.o(.text.QF_init)
    [Anonymous Symbol]                       0x00001060   Section        0  bsp.o(.text.QF_onStartup)
    [Anonymous Symbol]                       0x000010a4   Section        0  qxk.o(.text.QF_run)
    [Anonymous Symbol]                       0x000010e4   Section        0  qep_hsm.o(.text.QHsm_ctor)
    [Anonymous Symbol]                       0x0000110c   Section        0  qep_hsm.o(.text.QHsm_dispatch_)
    [Anonymous Symbol]                       0x00001344   Section        0  qep_hsm.o(.text.QHsm_init_)
    [Anonymous Symbol]                       0x000014cc   Section        0  qep_hsm.o(.text.QHsm_top)
    [Anonymous Symbol]                       0x000014d8   Section        0  qep_hsm.o(.text.QHsm_tran_)
    [Anonymous Symbol]                       0x00001784   Section        0  qf_mem.o(.text.QMPool_put)
    QPSet_findMax                            0x00001805   Thumb Code    20  qxk.o(.text.QPSet_findMax)
    [Anonymous Symbol]                       0x00001804   Section        0  qxk.o(.text.QPSet_findMax)
    QPSet_findMax                            0x00001819   Thumb Code    20  qxk_sema.o(.text.QPSet_findMax)
    [Anonymous Symbol]                       0x00001818   Section        0  qxk_sema.o(.text.QPSet_findMax)
    QPSet_hasElement                         0x0000182d   Thumb Code    24  qxk.o(.text.QPSet_hasElement)
    [Anonymous Symbol]                       0x0000182c   Section        0  qxk.o(.text.QPSet_hasElement)
    QPSet_hasElement                         0x00001845   Thumb Code    24  qxk_sema.o(.text.QPSet_hasElement)
    [Anonymous Symbol]                       0x00001844   Section        0  qxk_sema.o(.text.QPSet_hasElement)
    QPSet_insert                             0x0000185d   Thumb Code    26  qf_actq.o(.text.QPSet_insert)
    [Anonymous Symbol]                       0x0000185c   Section        0  qf_actq.o(.text.QPSet_insert)
    QPSet_insert                             0x00001879   Thumb Code    26  qxk.o(.text.QPSet_insert)
    [Anonymous Symbol]                       0x00001878   Section        0  qxk.o(.text.QPSet_insert)
    QPSet_insert                             0x00001895   Thumb Code    26  qxk_sema.o(.text.QPSet_insert)
    [Anonymous Symbol]                       0x00001894   Section        0  qxk_sema.o(.text.QPSet_insert)
    QPSet_insert                             0x000018b1   Thumb Code    26  qxk_xthr.o(.text.QPSet_insert)
    [Anonymous Symbol]                       0x000018b0   Section        0  qxk_xthr.o(.text.QPSet_insert)
    QPSet_isEmpty                            0x000018cd   Thumb Code    18  qxk.o(.text.QPSet_isEmpty)
    [Anonymous Symbol]                       0x000018cc   Section        0  qxk.o(.text.QPSet_isEmpty)
    QPSet_notEmpty                           0x000018e1   Thumb Code    18  qxk_sema.o(.text.QPSet_notEmpty)
    [Anonymous Symbol]                       0x000018e0   Section        0  qxk_sema.o(.text.QPSet_notEmpty)
    QPSet_remove                             0x000018f5   Thumb Code    26  qxk.o(.text.QPSet_remove)
    [Anonymous Symbol]                       0x000018f4   Section        0  qxk.o(.text.QPSet_remove)
    QPSet_remove                             0x00001911   Thumb Code    26  qxk_sema.o(.text.QPSet_remove)
    [Anonymous Symbol]                       0x00001910   Section        0  qxk_sema.o(.text.QPSet_remove)
    QPSet_remove                             0x0000192d   Thumb Code    26  qxk_xthr.o(.text.QPSet_remove)
    [Anonymous Symbol]                       0x0000192c   Section        0  qxk_xthr.o(.text.QPSet_remove)
    QPSet_setEmpty                           0x00001949   Thumb Code    14  qxk_sema.o(.text.QPSet_setEmpty)
    [Anonymous Symbol]                       0x00001948   Section        0  qxk_sema.o(.text.QPSet_setEmpty)
    QPSet_update_                            0x00001959   Thumb Code    20  qf_actq.o(.text.QPSet_update_)
    [Anonymous Symbol]                       0x00001958   Section        0  qf_actq.o(.text.QPSet_update_)
    QPSet_update_                            0x0000196d   Thumb Code    20  qxk.o(.text.QPSet_update_)
    [Anonymous Symbol]                       0x0000196c   Section        0  qxk.o(.text.QPSet_update_)
    QPSet_update_                            0x00001981   Thumb Code    20  qxk_sema.o(.text.QPSet_update_)
    [Anonymous Symbol]                       0x00001980   Section        0  qxk_sema.o(.text.QPSet_update_)
    QPSet_update_                            0x00001995   Thumb Code    20  qxk_xthr.o(.text.QPSet_update_)
    [Anonymous Symbol]                       0x00001994   Section        0  qxk_xthr.o(.text.QPSet_update_)
    QPSet_verify_                            0x000019a9   Thumb Code    28  qxk.o(.text.QPSet_verify_)
    [Anonymous Symbol]                       0x000019a8   Section        0  qxk.o(.text.QPSet_verify_)
    [Anonymous Symbol]                       0x000019c4   Section        0  qf_time.o(.text.QTimeEvt_ctorX)
    [Anonymous Symbol]                       0x00001a30   Section        0  qf_time.o(.text.QTimeEvt_tick_)
    [Anonymous Symbol]                       0x00001b90   Section        0  qxk.o(.text.QXK_activate_)
    [Anonymous Symbol]                       0x00001d90   Section        0  qxk_port.o(.text.QXK_init)
    [Anonymous Symbol]                       0x00001e00   Section        0  bsp.o(.text.QXK_onIdle)
    [Anonymous Symbol]                       0x00001e14   Section        0  qxk.o(.text.QXK_sched_)
    [Anonymous Symbol]                       0x00001f8c   Section        0  qxk.o(.text.QXK_threadExit_)
    __tagsym$$used.0                         0x00002040   Number         0  qxk_port.o(.text.QXK_thread_ret)
    [Anonymous Symbol]                       0x00002040   Section        0  qxk_port.o(.text.QXK_thread_ret)
    [Anonymous Symbol]                       0x00002060   Section        0  qxk_sema.o(.text.QXSemaphore_init)
    [Anonymous Symbol]                       0x000020c4   Section        0  qxk_sema.o(.text.QXSemaphore_signal)
    [Anonymous Symbol]                       0x000021c4   Section        0  qxk_sema.o(.text.QXSemaphore_wait)
    [Anonymous Symbol]                       0x00002338   Section        0  qxk_xthr.o(.text.QXThread_block_)
    [Anonymous Symbol]                       0x00002390   Section        0  qxk_xthr.o(.text.QXThread_ctor)
    [Anonymous Symbol]                       0x000023c0   Section        0  qxk_xthr.o(.text.QXThread_delay)
    [Anonymous Symbol]                       0x000024b0   Section        0  qxk_port.o(.text.QXThread_stackInit_)
    [Anonymous Symbol]                       0x000025e4   Section        0  qxk_xthr.o(.text.QXThread_teArm_)
    [Anonymous Symbol]                       0x00002690   Section        0  qxk_xthr.o(.text.QXThread_teDisarm_)
    [Anonymous Symbol]                       0x000026c0   Section        0  qxk_xthr.o(.text.QXThread_timeout_)
    [Anonymous Symbol]                       0x000026d8   Section        0  qxk_xthr.o(.text.QXThread_unblock_)
    [Anonymous Symbol]                       0x00002724   Section        0  bsp.o(.text.Q_onError)
    SysTick_Config                           0x0000273d   Thumb Code    84  bsp.o(.text.SysTick_Config)
    [Anonymous Symbol]                       0x0000273c   Section        0  bsp.o(.text.SysTick_Config)
    [Anonymous Symbol]                       0x00002790   Section        0  bsp.o(.text.SysTick_Handler)
    [Anonymous Symbol]                       0x000027cc   Section        0  system_tm4c123gh6pm.o(.text.SystemCoreClockUpdate)
    [Anonymous Symbol]                       0x00002914   Section        0  system_tm4c123gh6pm.o(.text.SystemInit)
    __NVIC_EnableIRQ                         0x00002a21   Thumb Code    48  bsp.o(.text.__NVIC_EnableIRQ)
    [Anonymous Symbol]                       0x00002a20   Section        0  bsp.o(.text.__NVIC_EnableIRQ)
    __NVIC_SetPriority                       0x00002a51   Thumb Code    66  bsp.o(.text.__NVIC_SetPriority)
    [Anonymous Symbol]                       0x00002a50   Section        0  bsp.o(.text.__NVIC_SetPriority)
    [Anonymous Symbol]                       0x00002a94   Section        0  bsp.o(.text.assert_failed)
    getOscClk                                0x00002aa5   Thumb Code   360  system_tm4c123gh6pm.o(.text.getOscClk)
    [Anonymous Symbol]                       0x00002aa4   Section        0  system_tm4c123gh6pm.o(.text.getOscClk)
    [Anonymous Symbol]                       0x00002c0c   Section        0  main.o(.text.main)
    [Anonymous Symbol]                       0x00002ca4   Section        0  main.o(.text.main_blinky1)
    [Anonymous Symbol]                       0x00002cd4   Section        0  main.o(.text.main_blinky2)
    $v0                                      0x00002d0c   Number         0  fpinit.o(x$fpl$fpinit)
    x$fpl$fpinit                             0x00002d0c   Section       26  fpinit.o(x$fpl$fpinit)
    QActive_ctor.vtable                      0x00002d28   Data           8  qf_qact.o(.rodata.QActive_ctor.vtable)
    [Anonymous Symbol]                       0x00002d28   Section        0  qf_qact.o(.rodata.QActive_ctor.vtable)
    QF_init.idle_ao                          0x00002d40   Data          40  qxk.o(.rodata.QF_init.idle_ao)
    [Anonymous Symbol]                       0x00002d40   Section        0  qxk.o(.rodata.QF_init.idle_ao)
    QHsm_ctor.vtable                         0x00002d68   Data           8  qep_hsm.o(.rodata.QHsm_ctor.vtable)
    [Anonymous Symbol]                       0x00002d68   Section        0  qep_hsm.o(.rodata.QHsm_ctor.vtable)
    Q_this_module_                           0x00002d70   Data           8  qf_actq.o(.rodata.Q_this_module_)
    [Anonymous Symbol]                       0x00002d70   Section        0  qf_actq.o(.rodata.Q_this_module_)
    Q_this_module_                           0x00002d78   Data           7  qf_dyn.o(.rodata.Q_this_module_)
    [Anonymous Symbol]                       0x00002d78   Section        0  qf_dyn.o(.rodata.Q_this_module_)
    Q_this_module_                           0x00002d7f   Data           7  qf_mem.o(.rodata.Q_this_module_)
    [Anonymous Symbol]                       0x00002d7f   Section        0  qf_mem.o(.rodata.Q_this_module_)
    Q_this_module_                           0x00002d86   Data           8  qf_qact.o(.rodata.Q_this_module_)
    [Anonymous Symbol]                       0x00002d86   Section        0  qf_qact.o(.rodata.Q_this_module_)
    Q_this_module_                           0x00002d8e   Data           8  qf_time.o(.rodata.Q_this_module_)
    [Anonymous Symbol]                       0x00002d8e   Section        0  qf_time.o(.rodata.Q_this_module_)
    Q_this_module_                           0x00002d96   Data           4  qxk.o(.rodata.Q_this_module_)
    [Anonymous Symbol]                       0x00002d96   Section        0  qxk.o(.rodata.Q_this_module_)
    Q_this_module_                           0x00002d9a   Data           9  qxk_sema.o(.rodata.Q_this_module_)
    [Anonymous Symbol]                       0x00002d9a   Section        0  qxk_sema.o(.rodata.Q_this_module_)
    Q_this_module_                           0x00002da3   Data           9  qxk_xthr.o(.rodata.Q_this_module_)
    [Anonymous Symbol]                       0x00002da3   Section        0  qxk_xthr.o(.rodata.Q_this_module_)
    Q_this_module_                           0x00002dac   Data           8  qep_hsm.o(.rodata.Q_this_module_)
    [Anonymous Symbol]                       0x00002dac   Section        0  qep_hsm.o(.rodata.Q_this_module_)
    __stack_base                             0x20000000   Data           0  startup_tm4c123gh6pm.o(STACK)
    STACK                                    0x20000000   Section     2048  startup_tm4c123gh6pm.o(STACK)
    __initial_sp                             0x20000800   Data           0  startup_tm4c123gh6pm.o(STACK)
    __stack_limit                            0x20000800   Data           0  startup_tm4c123gh6pm.o(STACK)
    .bss                                     0x20000808   Section       96  libspace.o(.bss)
    __heap_base                              0x20000b20   Data           0  startup_tm4c123gh6pm.o(HEAP)
    __heap_limit                             0x20000b20   Data           0  startup_tm4c123gh6pm.o(HEAP)
    HEAP                                     0x20000b20   Section        0  startup_tm4c123gh6pm.o(HEAP)

    Global Symbols

    Symbol Name                              Value     Ov Type        Size  Object(Section)

    BuildAttributes$$THM_ISAv4$E$P$D$K$B$S$7EM$VFPi3$EXTD16$VFPS$VFMA$PE$A:L22UL41UL21$X:L11$S22US41US21$IEEE1$IW$~IW$USESV6$~STKCKD$USESV7$~SHL$OSPACE$ROPI$EBA8$UX$STANDARDLIB$REQ8$PRES8$EABIv2 0x00000000   Number         0  anon$$obj.o ABSOLUTE
    __Vectors                                0x00000000   Data           0  startup_tm4c123gh6pm.o(RESET)
    __ARM_exceptions_init                     - Undefined Weak Reference
    __alloca_initialize                       - Undefined Weak Reference
    __arm_preinit_                            - Undefined Weak Reference
    __arm_relocate_pie_                       - Undefined Weak Reference
    __cpp_initialize__aeabi_                  - Undefined Weak Reference
    __cxa_finalize                            - Undefined Weak Reference
    __rt_locale                               - Undefined Weak Reference
    __sigvec_lookup                           - Undefined Weak Reference
    _atexit_init                              - Undefined Weak Reference
    _call_atexit_fns                          - Undefined Weak Reference
    _clock_init                               - Undefined Weak Reference
    _fp_trap_init                             - Undefined Weak Reference
    _fp_trap_shutdown                         - Undefined Weak Reference
    _get_lc_collate                           - Undefined Weak Reference
    _get_lc_ctype                             - Undefined Weak Reference
    _get_lc_monetary                          - Undefined Weak Reference
    _get_lc_numeric                           - Undefined Weak Reference
    _get_lc_time                              - Undefined Weak Reference
    _getenv_init                              - Undefined Weak Reference
    _handle_redirection                       - Undefined Weak Reference
    _init_alloc                               - Undefined Weak Reference
    _init_user_alloc                          - Undefined Weak Reference
    _initio                                   - Undefined Weak Reference
    _rand_init                                - Undefined Weak Reference
    _signal_finish                            - Undefined Weak Reference
    _signal_init                              - Undefined Weak Reference
    _terminate_alloc                          - Undefined Weak Reference
    _terminate_user_alloc                     - Undefined Weak Reference
    _terminateio                              - Undefined Weak Reference
    __Vectors_End                            0x0000036c   Data           0  startup_tm4c123gh6pm.o(RESET)
    __Vectors_Size                           0x0000036c   Number         0  startup_tm4c123gh6pm.o ABSOLUTE
    __main                                   0x0000036d   Thumb Code     8  __main.o(!!!main)
    __scatterload                            0x00000375   Thumb Code     0  __scatter.o(!!!scatter)
    __scatterload_rt2                        0x00000375   Thumb Code    84  __scatter.o(!!!scatter)
    __scatterload_rt2_thumb_only             0x00000375   Thumb Code     0  __scatter.o(!!!scatter)
    __scatterload_loop                       0x0000037f   Thumb Code     0  __scatter.o(!!!scatter)
    __scatterload_copy                       0x000003d1   Thumb Code    26  __scatter_copy.o(!!handler_copy)
    __scatterload_null                       0x000003ed   Thumb Code     2  __scatter.o(!!handler_null)
    __scatterload_zeroinit                   0x000003f1   Thumb Code    28  __scatter_zi.o(!!handler_zi)
    __rt_lib_init                            0x0000040d   Thumb Code     0  libinit.o(.ARM.Collect$$libinit$$00000000)
    __rt_lib_init_fp_1                       0x0000040f   Thumb Code     0  libinit2.o(.ARM.Collect$$libinit$$00000001)
    __rt_lib_init_alloca_1                   0x00000413   Thumb Code     0  libinit2.o(.ARM.Collect$$libinit$$00000030)
    __rt_lib_init_argv_1                     0x00000413   Thumb Code     0  libinit2.o(.ARM.Collect$$libinit$$0000002E)
    __rt_lib_init_atexit_1                   0x00000413   Thumb Code     0  libinit2.o(.ARM.Collect$$libinit$$0000001D)
    __rt_lib_init_clock_1                    0x00000413   Thumb Code     0  libinit2.o(.ARM.Collect$$libinit$$00000023)
    __rt_lib_init_cpp_1                      0x00000413   Thumb Code     0  libinit2.o(.ARM.Collect$$libinit$$00000034)
    __rt_lib_init_exceptions_1               0x00000413   Thumb Code     0  libinit2.o(.ARM.Collect$$libinit$$00000032)
    __rt_lib_init_fp_trap_1                  0x00000413   Thumb Code     0  libinit2.o(.ARM.Collect$$libinit$$00000021)
    __rt_lib_init_getenv_1                   0x00000413   Thumb Code     0  libinit2.o(.ARM.Collect$$libinit$$00000025)
    __rt_lib_init_heap_1                     0x00000413   Thumb Code     0  libinit2.o(.ARM.Collect$$libinit$$0000000C)
    __rt_lib_init_lc_collate_1               0x00000413   Thumb Code     0  libinit2.o(.ARM.Collect$$libinit$$00000013)
    __rt_lib_init_lc_ctype_1                 0x00000413   Thumb Code     0  libinit2.o(.ARM.Collect$$libinit$$00000015)
    __rt_lib_init_lc_monetary_1              0x00000413   Thumb Code     0  libinit2.o(.ARM.Collect$$libinit$$00000017)
    __rt_lib_init_lc_numeric_1               0x00000413   Thumb Code     0  libinit2.o(.ARM.Collect$$libinit$$00000019)
    __rt_lib_init_lc_time_1                  0x00000413   Thumb Code     0  libinit2.o(.ARM.Collect$$libinit$$0000001B)
    __rt_lib_init_preinit_1                  0x00000413   Thumb Code     0  libinit2.o(.ARM.Collect$$libinit$$00000006)
    __rt_lib_init_rand_1                     0x00000413   Thumb Code     0  libinit2.o(.ARM.Collect$$libinit$$00000010)
    __rt_lib_init_relocate_pie_1             0x00000413   Thumb Code     0  libinit2.o(.ARM.Collect$$libinit$$00000004)
    __rt_lib_init_return                     0x00000413   Thumb Code     0  libinit2.o(.ARM.Collect$$libinit$$00000035)
    __rt_lib_init_signal_1                   0x00000413   Thumb Code     0  libinit2.o(.ARM.Collect$$libinit$$0000001F)
    __rt_lib_init_stdio_1                    0x00000413   Thumb Code     0  libinit2.o(.ARM.Collect$$libinit$$00000027)
    __rt_lib_init_user_alloc_1               0x00000413   Thumb Code     0  libinit2.o(.ARM.Collect$$libinit$$0000000E)
    __rt_lib_shutdown                        0x00000415   Thumb Code     0  libshutdown.o(.ARM.Collect$$libshutdown$$00000000)
    __rt_lib_shutdown_cpp_1                  0x00000417   Thumb Code     0  libshutdown2.o(.ARM.Collect$$libshutdown$$00000002)
    __rt_lib_shutdown_fp_trap_1              0x00000417   Thumb Code     0  libshutdown2.o(.ARM.Collect$$libshutdown$$00000007)
    __rt_lib_shutdown_heap_1                 0x00000417   Thumb Code     0  libshutdown2.o(.ARM.Collect$$libshutdown$$0000000F)
    __rt_lib_shutdown_return                 0x00000417   Thumb Code     0  libshutdown2.o(.ARM.Collect$$libshutdown$$00000010)
    __rt_lib_shutdown_signal_1               0x00000417   Thumb Code     0  libshutdown2.o(.ARM.Collect$$libshutdown$$0000000A)
    __rt_lib_shutdown_stdio_1                0x00000417   Thumb Code     0  libshutdown2.o(.ARM.Collect$$libshutdown$$00000004)
    __rt_lib_shutdown_user_alloc_1           0x00000417   Thumb Code     0  libshutdown2.o(.ARM.Collect$$libshutdown$$0000000C)
    __rt_entry                               0x00000419   Thumb Code     0  __rtentry.o(.ARM.Collect$$rtentry$$00000000)
    __rt_entry_presh_1                       0x00000419   Thumb Code     0  __rtentry2.o(.ARM.Collect$$rtentry$$00000002)
    __rt_entry_sh                            0x00000419   Thumb Code     0  __rtentry4.o(.ARM.Collect$$rtentry$$00000004)
    __rt_entry_li                            0x0000041f   Thumb Code     0  __rtentry2.o(.ARM.Collect$$rtentry$$0000000A)
    __rt_entry_postsh_1                      0x0000041f   Thumb Code     0  __rtentry2.o(.ARM.Collect$$rtentry$$00000009)
    __rt_entry_main                          0x00000423   Thumb Code     0  __rtentry2.o(.ARM.Collect$$rtentry$$0000000D)
    __rt_entry_postli_1                      0x00000423   Thumb Code     0  __rtentry2.o(.ARM.Collect$$rtentry$$0000000C)
    __rt_exit                                0x0000042b   Thumb Code     0  rtexit.o(.ARM.Collect$$rtexit$$00000000)
    __rt_exit_ls                             0x0000042d   Thumb Code     0  rtexit2.o(.ARM.Collect$$rtexit$$00000003)
    __rt_exit_prels_1                        0x0000042d   Thumb Code     0  rtexit2.o(.ARM.Collect$$rtexit$$00000002)
    __rt_exit_exit                           0x00000431   Thumb Code     0  rtexit2.o(.ARM.Collect$$rtexit$$00000004)
    Reset_Handler                            0x00000439   Thumb Code    32  startup_tm4c123gh6pm.o(.text)
    HardFault_Handler                        0x0000046d   Thumb Code    24  startup_tm4c123gh6pm.o(.text)
    MemManage_Handler                        0x00000485   Thumb Code    24  startup_tm4c123gh6pm.o(.text)
    BusFault_Handler                         0x0000049d   Thumb Code    24  startup_tm4c123gh6pm.o(.text)
    UsageFault_Handler                       0x000004b5   Thumb Code    24  startup_tm4c123gh6pm.o(.text)
    SVC_Handler                              0x000004cd   Thumb Code    20  startup_tm4c123gh6pm.o(.text)
    DebugMon_Handler                         0x000004e1   Thumb Code    24  startup_tm4c123gh6pm.o(.text)
    ADC1Seq0_IRQHandler                      0x00000525   Thumb Code     0  startup_tm4c123gh6pm.o(.text)
    ADC1Seq1_IRQHandler                      0x00000525   Thumb Code     0  startup_tm4c123gh6pm.o(.text)
    ADC1Seq2_IRQHandler                      0x00000525   Thumb Code     0  startup_tm4c123gh6pm.o(.text)
    ADC1Seq3_IRQHandler                      0x00000525   Thumb Code     0  startup_tm4c123gh6pm.o(.text)
    ADCSeq0_IRQHandler                       0x00000525   Thumb Code     0  startup_tm4c123gh6pm.o(.text)
    ADCSeq1_IRQHandler                       0x00000525   Thumb Code     0  startup_tm4c123gh6pm.o(.text)
    ADCSeq2_IRQHandler                       0x00000525   Thumb Code     0  startup_tm4c123gh6pm.o(.text)
    ADCSeq3_IRQHandler                       0x00000525   Thumb Code     0  startup_tm4c123gh6pm.o(.text)
    CAN0_IRQHandler                          0x00000525   Thumb Code     0  startup_tm4c123gh6pm.o(.text)
    CAN1_IRQHandler                          0x00000525   Thumb Code     0  startup_tm4c123gh6pm.o(.text)
    CAN2_IRQHandler                          0x00000525   Thumb Code     0  startup_tm4c123gh6pm.o(.text)
    Comp0_IRQHandler                         0x00000525   Thumb Code     0  startup_tm4c123gh6pm.o(.text)
    Comp1_IRQHandler                         0x00000525   Thumb Code     0  startup_tm4c123gh6pm.o(.text)
    Comp2_IRQHandler                         0x00000525   Thumb Code     0  startup_tm4c123gh6pm.o(.text)
    FPU_IRQHandler                           0x00000525   Thumb Code     0  startup_tm4c123gh6pm.o(.text)
    FlashCtrl_IRQHandler                     0x00000525   Thumb Code     0  startup_tm4c123gh6pm.o(.text)
    GPIOPortA_IRQHandler                     0x00000525   Thumb Code     0  startup_tm4c123gh6pm.o(.text)
    GPIOPortB_IRQHandler                     0x00000525   Thumb Code     0  startup_tm4c123gh6pm.o(.text)
    GPIOPortC_IRQHandler                     0x00000525   Thumb Code     0  startup_tm4c123gh6pm.o(.text)
    GPIOPortD_IRQHandler                     0x00000525   Thumb Code     0  startup_tm4c123gh6pm.o(.text)
    GPIOPortE_IRQHandler                     0x00000525   Thumb Code     0  startup_tm4c123gh6pm.o(.text)
    GPIOPortG_IRQHandler                     0x00000525   Thumb Code     0  startup_tm4c123gh6pm.o(.text)
    GPIOPortH_IRQHandler                     0x00000525   Thumb Code     0  startup_tm4c123gh6pm.o(.text)
    GPIOPortJ_IRQHandler                     0x00000525   Thumb Code     0  startup_tm4c123gh6pm.o(.text)
    GPIOPortK_IRQHandler                     0x00000525   Thumb Code     0  startup_tm4c123gh6pm.o(.text)
    GPIOPortL_IRQHandler                     0x00000525   Thumb Code     0  startup_tm4c123gh6pm.o(.text)
    GPIOPortM_IRQHandler                     0x00000525   Thumb Code     0  startup_tm4c123gh6pm.o(.text)
    GPIOPortN_IRQHandler                     0x00000525   Thumb Code     0  startup_tm4c123gh6pm.o(.text)
    GPIOPortP0_IRQHandler                    0x00000525   Thumb Code     0  startup_tm4c123gh6pm.o(.text)
    GPIOPortP1_IRQHandler                    0x00000525   Thumb Code     0  startup_tm4c123gh6pm.o(.text)
    GPIOPortP2_IRQHandler                    0x00000525   Thumb Code     0  startup_tm4c123gh6pm.o(.text)
    GPIOPortP3_IRQHandler                    0x00000525   Thumb Code     0  startup_tm4c123gh6pm.o(.text)
    GPIOPortP4_IRQHandler                    0x00000525   Thumb Code     0  startup_tm4c123gh6pm.o(.text)
    GPIOPortP5_IRQHandler                    0x00000525   Thumb Code     0  startup_tm4c123gh6pm.o(.text)
    GPIOPortP6_IRQHandler                    0x00000525   Thumb Code     0  startup_tm4c123gh6pm.o(.text)
    GPIOPortP7_IRQHandler                    0x00000525   Thumb Code     0  startup_tm4c123gh6pm.o(.text)
    GPIOPortQ0_IRQHandler                    0x00000525   Thumb Code     0  startup_tm4c123gh6pm.o(.text)
    GPIOPortQ1_IRQHandler                    0x00000525   Thumb Code     0  startup_tm4c123gh6pm.o(.text)
    GPIOPortQ2_IRQHandler                    0x00000525   Thumb Code     0  startup_tm4c123gh6pm.o(.text)
    GPIOPortQ3_IRQHandler                    0x00000525   Thumb Code     0  startup_tm4c123gh6pm.o(.text)
    GPIOPortQ4_IRQHandler                    0x00000525   Thumb Code     0  startup_tm4c123gh6pm.o(.text)
    GPIOPortQ5_IRQHandler                    0x00000525   Thumb Code     0  startup_tm4c123gh6pm.o(.text)
    GPIOPortQ6_IRQHandler                    0x00000525   Thumb Code     0  startup_tm4c123gh6pm.o(.text)
    GPIOPortQ7_IRQHandler                    0x00000525   Thumb Code     0  startup_tm4c123gh6pm.o(.text)
    GPIOPortR_IRQHandler                     0x00000525   Thumb Code     0  startup_tm4c123gh6pm.o(.text)
    GPIOPortS_IRQHandler                     0x00000525   Thumb Code     0  startup_tm4c123gh6pm.o(.text)
    Hibernate_IRQHandler                     0x00000525   Thumb Code     0  startup_tm4c123gh6pm.o(.text)
    I2C0_IRQHandler                          0x00000525   Thumb Code     0  startup_tm4c123gh6pm.o(.text)
    I2C1_IRQHandler                          0x00000525   Thumb Code     0  startup_tm4c123gh6pm.o(.text)
    I2C2_IRQHandler                          0x00000525   Thumb Code     0  startup_tm4c123gh6pm.o(.text)
    I2C3_IRQHandler                          0x00000525   Thumb Code     0  startup_tm4c123gh6pm.o(.text)
    I2C4_IRQHandler                          0x00000525   Thumb Code     0  startup_tm4c123gh6pm.o(.text)
    I2C5_IRQHandler                          0x00000525   Thumb Code     0  startup_tm4c123gh6pm.o(.text)
    PWM1Fault_IRQHandler                     0x00000525   Thumb Code     0  startup_tm4c123gh6pm.o(.text)
    PWM1Gen0_IRQHandler                      0x00000525   Thumb Code     0  startup_tm4c123gh6pm.o(.text)
    PWM1Gen1_IRQHandler                      0x00000525   Thumb Code     0  startup_tm4c123gh6pm.o(.text)
    PWM1Gen2_IRQHandler                      0x00000525   Thumb Code     0  startup_tm4c123gh6pm.o(.text)
    PWM1Gen3_IRQHandler                      0x00000525   Thumb Code     0  startup_tm4c123gh6pm.o(.text)
    PWMFault_IRQHandler                      0x00000525   Thumb Code     0  startup_tm4c123gh6pm.o(.text)
    PWMGen0_IRQHandler                       0x00000525   Thumb Code     0  startup_tm4c123gh6pm.o(.text)
    PWMGen1_IRQHandler                       0x00000525   Thumb Code     0  startup_tm4c123gh6pm.o(.text)
    PWMGen2_IRQHandler                       0x00000525   Thumb Code     0  startup_tm4c123gh6pm.o(.text)
    PWMGen3_IRQHandler                       0x00000525   Thumb Code     0  startup_tm4c123gh6pm.o(.text)
    QEI0_IRQHandler                          0x00000525   Thumb Code     0  startup_tm4c123gh6pm.o(.text)
    QEI1_IRQHandler                          0x00000525   Thumb Code     0  startup_tm4c123gh6pm.o(.text)
    QEI2_IRQHandler                          0x00000525   Thumb Code     0  startup_tm4c123gh6pm.o(.text)
    SSI0_IRQHandler                          0x00000525   Thumb Code     0  startup_tm4c123gh6pm.o(.text)
    SSI1_IRQHandler                          0x00000525   Thumb Code     0  startup_tm4c123gh6pm.o(.text)
    SSI2_IRQHandler                          0x00000525   Thumb Code     0  startup_tm4c123gh6pm.o(.text)
    SSI3_IRQHandler                          0x00000525   Thumb Code     0  startup_tm4c123gh6pm.o(.text)
    SysCtrl_IRQHandler                       0x00000525   Thumb Code     0  startup_tm4c123gh6pm.o(.text)
    Timer0A_IRQHandler                       0x00000525   Thumb Code     0  startup_tm4c123gh6pm.o(.text)
    Timer0B_IRQHandler                       0x00000525   Thumb Code     0  startup_tm4c123gh6pm.o(.text)
    Timer1A_IRQHandler                       0x00000525   Thumb Code     0  startup_tm4c123gh6pm.o(.text)
    Timer1B_IRQHandler                       0x00000525   Thumb Code     0  startup_tm4c123gh6pm.o(.text)
    Timer2A_IRQHandler                       0x00000525   Thumb Code     0  startup_tm4c123gh6pm.o(.text)
    Timer2B_IRQHandler                       0x00000525   Thumb Code     0  startup_tm4c123gh6pm.o(.text)
    Timer3A_IRQHandler                       0x00000525   Thumb Code     0  startup_tm4c123gh6pm.o(.text)
    Timer3B_IRQHandler                       0x00000525   Thumb Code     0  startup_tm4c123gh6pm.o(.text)
    Timer4A_IRQHandler                       0x00000525   Thumb Code     0  startup_tm4c123gh6pm.o(.text)
    Timer4B_IRQHandler                       0x00000525   Thumb Code     0  startup_tm4c123gh6pm.o(.text)
    Timer5A_IRQHandler                       0x00000525   Thumb Code     0  startup_tm4c123gh6pm.o(.text)
    Timer5B_IRQHandler                       0x00000525   Thumb Code     0  startup_tm4c123gh6pm.o(.text)
    UART0_IRQHandler                         0x00000525   Thumb Code     0  startup_tm4c123gh6pm.o(.text)
    UART1_IRQHandler                         0x00000525   Thumb Code     0  startup_tm4c123gh6pm.o(.text)
    UART2_IRQHandler                         0x00000525   Thumb Code     0  startup_tm4c123gh6pm.o(.text)
    UART3_IRQHandler                         0x00000525   Thumb Code     0  startup_tm4c123gh6pm.o(.text)
    UART4_IRQHandler                         0x00000525   Thumb Code     0  startup_tm4c123gh6pm.o(.text)
    UART5_IRQHandler                         0x00000525   Thumb Code     0  startup_tm4c123gh6pm.o(.text)
    UART6_IRQHandler                         0x00000525   Thumb Code     0  startup_tm4c123gh6pm.o(.text)
    UART7_IRQHandler                         0x00000525   Thumb Code     0  startup_tm4c123gh6pm.o(.text)
    USB0_IRQHandler                          0x00000525   Thumb Code     0  startup_tm4c123gh6pm.o(.text)
    Watchdog_IRQHandler                      0x00000525   Thumb Code     0  startup_tm4c123gh6pm.o(.text)
    WideTimer0A_IRQHandler                   0x00000525   Thumb Code     0  startup_tm4c123gh6pm.o(.text)
    WideTimer0B_IRQHandler                   0x00000525   Thumb Code     0  startup_tm4c123gh6pm.o(.text)
    WideTimer1A_IRQHandler                   0x00000525   Thumb Code     0  startup_tm4c123gh6pm.o(.text)
    WideTimer1B_IRQHandler                   0x00000525   Thumb Code     0  startup_tm4c123gh6pm.o(.text)
    WideTimer2A_IRQHandler                   0x00000525   Thumb Code     0  startup_tm4c123gh6pm.o(.text)
    WideTimer2B_IRQHandler                   0x00000525   Thumb Code     0  startup_tm4c123gh6pm.o(.text)
    WideTimer3A_IRQHandler                   0x00000525   Thumb Code     0  startup_tm4c123gh6pm.o(.text)
    WideTimer3B_IRQHandler                   0x00000525   Thumb Code     0  startup_tm4c123gh6pm.o(.text)
    WideTimer4A_IRQHandler                   0x00000525   Thumb Code     0  startup_tm4c123gh6pm.o(.text)
    WideTimer4B_IRQHandler                   0x00000525   Thumb Code     0  startup_tm4c123gh6pm.o(.text)
    WideTimer5A_IRQHandler                   0x00000525   Thumb Code     0  startup_tm4c123gh6pm.o(.text)
    WideTimer5B_IRQHandler                   0x00000525   Thumb Code     0  startup_tm4c123gh6pm.o(.text)
    uDMAError_IRQHandler                     0x00000525   Thumb Code     0  startup_tm4c123gh6pm.o(.text)
    uDMAST_IRQHandler                        0x00000525   Thumb Code     0  startup_tm4c123gh6pm.o(.text)
    __user_initial_stackheap                 0x0000053d   Thumb Code    10  startup_tm4c123gh6pm.o(.text)
    __use_two_region_memory                  0x0000059d   Thumb Code     2  heapauxi.o(.text)
    __rt_heap_escrow$2region                 0x0000059f   Thumb Code     2  heapauxi.o(.text)
    __rt_heap_expand$2region                 0x000005a1   Thumb Code     2  heapauxi.o(.text)
    __user_setup_stackheap                   0x000005a3   Thumb Code    74  sys_stackheap_outer.o(.text)
    exit                                     0x000005ed   Thumb Code    18  exit.o(.text)
    __user_libspace                          0x00000601   Thumb Code     8  libspace.o(.text)
    __user_perproc_libspace                  0x00000601   Thumb Code     0  libspace.o(.text)
    __user_perthread_libspace                0x00000601   Thumb Code     0  libspace.o(.text)
    _sys_exit                                0x00000609   Thumb Code     8  sys_exit.o(.text)
    __I$use$semihosting                      0x00000615   Thumb Code     0  use_no_semi.o(.text)
    __use_no_semihosting_swi                 0x00000615   Thumb Code     2  use_no_semi.o(.text)
    __semihosting_library_function           0x00000617   Thumb Code     0  indicate_semi.o(.text)
    BSP_init                                 0x00000619   Thumb Code   162  bsp.o(.text.BSP_init)
    BSP_ledBlueOff                           0x000006bd   Thumb Code    14  bsp.o(.text.BSP_ledBlueOff)
    BSP_ledBlueOn                            0x000006cd   Thumb Code    14  bsp.o(.text.BSP_ledBlueOn)
    BSP_ledGreenOff                          0x000006dd   Thumb Code    14  bsp.o(.text.BSP_ledGreenOff)
    BSP_ledGreenOn                           0x000006ed   Thumb Code    14  bsp.o(.text.BSP_ledGreenOn)
    GPIOPortF_IRQHandler                     0x000006fd   Thumb Code    96  bsp.o(.text.GPIOPortF_IRQHandler)
    NMI_Handler                              0x0000075d   Thumb Code    28  qxk_port.o(.text.NMI_Handler)
    PendSV_Handler                           0x00000779   Thumb Code   224  qxk_port.o(.text.PendSV_Handler)
    QActive_ctor                             0x00000869   Thumb Code    40  qf_qact.o(.text.QActive_ctor)
    QActive_get_                             0x00000891   Thumb Code   184  qf_actq.o(.text.QActive_get_)
    QActive_post_                            0x00000949   Thumb Code   466  qf_actq.o(.text.QActive_post_)
    QActive_register_                        0x00000b1d   Thumb Code   362  qf_qact.o(.text.QActive_register_)
    QActive_start_                           0x00000c89   Thumb Code   338  qxk.o(.text.QActive_start_)
    QEQueue_init                             0x00000ddd   Thumb Code    64  qf_qeq.o(.text.QEQueue_init)
    QF_bzero_                                0x00000f09   Thumb Code    48  qf_act.o(.text.QF_bzero_)
    QF_gc                                    0x00000f39   Thumb Code   186  qf_dyn.o(.text.QF_gc)
    QF_init                                  0x00000ff5   Thumb Code   106  qxk.o(.text.QF_init)
    QF_onStartup                             0x00001061   Thumb Code    66  bsp.o(.text.QF_onStartup)
    QF_run                                   0x000010a5   Thumb Code    62  qxk.o(.text.QF_run)
    QHsm_ctor                                0x000010e5   Thumb Code    40  qep_hsm.o(.text.QHsm_ctor)
    QHsm_dispatch_                           0x0000110d   Thumb Code   568  qep_hsm.o(.text.QHsm_dispatch_)
    QHsm_init_                               0x00001345   Thumb Code   390  qep_hsm.o(.text.QHsm_init_)
    QHsm_top                                 0x000014cd   Thumb Code    12  qep_hsm.o(.text.QHsm_top)
    QHsm_tran_                               0x000014d9   Thumb Code   682  qep_hsm.o(.text.QHsm_tran_)
    QMPool_put                               0x00001785   Thumb Code   128  qf_mem.o(.text.QMPool_put)
    QTimeEvt_ctorX                           0x000019c5   Thumb Code   106  qf_time.o(.text.QTimeEvt_ctorX)
    QTimeEvt_tick_                           0x00001a31   Thumb Code   350  qf_time.o(.text.QTimeEvt_tick_)
    QXK_activate_                            0x00001b91   Thumb Code   512  qxk.o(.text.QXK_activate_)
    QXK_init                                 0x00001d91   Thumb Code   112  qxk_port.o(.text.QXK_init)
    QXK_onIdle                               0x00001e01   Thumb Code    18  bsp.o(.text.QXK_onIdle)
    QXK_sched_                               0x00001e15   Thumb Code   376  qxk.o(.text.QXK_sched_)
    QXK_threadExit_                          0x00001f8d   Thumb Code   180  qxk.o(.text.QXK_threadExit_)
    QXK_thread_ret                           0x00002041   Thumb Code    26  qxk_port.o(.text.QXK_thread_ret)
    QXSemaphore_init                         0x00002061   Thumb Code    98  qxk_sema.o(.text.QXSemaphore_init)
    QXSemaphore_signal                       0x000020c5   Thumb Code   254  qxk_sema.o(.text.QXSemaphore_signal)
    QXSemaphore_wait                         0x000021c5   Thumb Code   370  qxk_sema.o(.text.QXSemaphore_wait)
    QXThread_block_                          0x00002339   Thumb Code    88  qxk_xthr.o(.text.QXThread_block_)
    QXThread_ctor                            0x00002391   Thumb Code    46  qxk_xthr.o(.text.QXThread_ctor)
    QXThread_delay                           0x000023c1   Thumb Code   238  qxk_xthr.o(.text.QXThread_delay)
    QXThread_stackInit_                      0x000024b1   Thumb Code   306  qxk_port.o(.text.QXThread_stackInit_)
    QXThread_teArm_                          0x000025e5   Thumb Code   172  qxk_xthr.o(.text.QXThread_teArm_)
    QXThread_teDisarm_                       0x00002691   Thumb Code    46  qxk_xthr.o(.text.QXThread_teDisarm_)
    QXThread_timeout_                        0x000026c1   Thumb Code    22  qxk_xthr.o(.text.QXThread_timeout_)
    QXThread_unblock_                        0x000026d9   Thumb Code    76  qxk_xthr.o(.text.QXThread_unblock_)
    Q_onError                                0x00002725   Thumb Code    22  bsp.o(.text.Q_onError)
    SysTick_Handler                          0x00002791   Thumb Code    60  bsp.o(.text.SysTick_Handler)
    SystemCoreClockUpdate                    0x000027cd   Thumb Code   326  system_tm4c123gh6pm.o(.text.SystemCoreClockUpdate)
    SystemInit                               0x00002915   Thumb Code   268  system_tm4c123gh6pm.o(.text.SystemInit)
    assert_failed                            0x00002a95   Thumb Code    14  bsp.o(.text.assert_failed)
    main                                     0x00002c0d   Thumb Code   152  main.o(.text.main)
    main_blinky1                             0x00002ca5   Thumb Code    48  main.o(.text.main_blinky1)
    main_blinky2                             0x00002cd5   Thumb Code    56  main.o(.text.main_blinky2)
    _fp_init                                 0x00002d0d   Thumb Code    26  fpinit.o(x$fpl$fpinit)
    __fplib_config_fpu_vfp                   0x00002d25   Thumb Code     0  fpinit.o(x$fpl$fpinit)
    __fplib_config_pureend_doubles           0x00002d25   Thumb Code     0  fpinit.o(x$fpl$fpinit)
    QEvt_reserved_                           0x00002d30   Data          16  qep_hsm.o(.rodata.QEvt_reserved_)
    Region$$Table$$Base                      0x00002db4   Number         0  anon$$obj.o(Region$$Table)
    Region$$Table$$Limit                     0x00002de4   Number         0  anon$$obj.o(Region$$Table)
    SystemCoreClock                          0x20000800   Data           4  system_tm4c123gh6pm.o(.data.SystemCoreClock)
    __libspace_start                         0x20000808   Data          96  libspace.o(.bss)
    QActive_registry_                        0x20000868   Data         132  qf_act.o(.bss.QActive_registry_)
    __temporary_stack_top$libspace           0x20000868   Data           0  libspace.o(.bss)
    QF_priv_                                 0x200008ec   Data          64  qf_act.o(.bss.QF_priv_)
    QTimeEvt_timeEvtHead_                    0x2000092c   Data          20  qf_time.o(.bss.QTimeEvt_timeEvtHead_)
    QXK_priv_                                0x20000940   Data          32  qxk.o(.bss.QXK_priv_)
    SW1_sema                                 0x20000960   Data           8  main.o(.bss.SW1_sema)
    blinky1                                  0x20000968   Data          60  main.o(.bss.blinky1)
    blinky2                                  0x200009a4   Data          60  main.o(.bss.blinky2)
    stack_blinky1                            0x200009e0   Data         160  main.o(.bss.stack_blinky1)
    stack_blinky2                            0x20000a80   Data         160  main.o(.bss.stack_blinky2)



==============================================================================

Memory Map of the image

  Image Entry point : 0x0000036d

  Load Region LR_IROM1 (Base: 0x00000000, Size: 0x00002df0, Max: 0x00040000, ABSOLUTE)

    Execution Region ER_IROM1 (Exec base: 0x00000000, Load base: 0x00000000, Size: 0x00002de4, Max: 0x00040000, ABSOLUTE)

    Exec Addr    Load Addr    Size         Type   Attr      Idx    E Section Name        Object

    0x00000000   0x00000000   0x0000036c   Data   RO           67    RESET               startup_tm4c123gh6pm.o
    0x0000036c   0x0000036c   0x00000008   Code   RO          484  * !!!main             c_w.l(__main.o)
    0x00000374   0x00000374   0x0000005c   Code   RO          649    !!!scatter          c_w.l(__scatter.o)
    0x000003d0   0x000003d0   0x0000001a   Code   RO          653    !!handler_copy      c_w.l(__scatter_copy.o)
    0x000003ea   0x000003ea   0x00000002   PAD
    0x000003ec   0x000003ec   0x00000002   Code   RO          650    !!handler_null      c_w.l(__scatter.o)
    0x000003ee   0x000003ee   0x00000002   PAD
    0x000003f0   0x000003f0   0x0000001c   Code   RO          655    !!handler_zi        c_w.l(__scatter_zi.o)
    0x0000040c   0x0000040c   0x00000002   Code   RO          511    .ARM.Collect$$libinit$$00000000  c_w.l(libinit.o)
    0x0000040e   0x0000040e   0x00000004   Code   RO          517    .ARM.Collect$$libinit$$00000001  c_w.l(libinit2.o)
    0x00000412   0x00000412   0x00000000   Code   RO          520    .ARM.Collect$$libinit$$00000004  c_w.l(libinit2.o)
    0x00000412   0x00000412   0x00000000   Code   RO          522    .ARM.Collect$$libinit$$00000006  c_w.l(libinit2.o)
    0x00000412   0x00000412   0x00000000   Code   RO          525    .ARM.Collect$$libinit$$0000000C  c_w.l(libinit2.o)
    0x00000412   0x00000412   0x00000000   Code   RO          527    .ARM.Collect$$libinit$$0000000E  c_w.l(libinit2.o)
    0x00000412   0x00000412   0x00000000   Code   RO          529    .ARM.Collect$$libinit$$00000010  c_w.l(libinit2.o)
    0x00000412   0x00000412   0x00000000   Code   RO          532    .ARM.Collect$$libinit$$00000013  c_w.l(libinit2.o)
    0x00000412   0x00000412   0x00000000   Code   RO          534    .ARM.Collect$$libinit$$00000015  c_w.l(libinit2.o)
    0x00000412   0x00000412   0x00000000   Code   RO          536    .ARM.Collect$$libinit$$00000017  c_w.l(libinit2.o)
    0x00000412   0x00000412   0x00000000   Code   RO          538    .ARM.Collect$$libinit$$00000019  c_w.l(libinit2.o)
    0x00000412   0x00000412   0x00000000   Code   RO          540    .ARM.Collect$$libinit$$0000001B  c_w.l(libinit2.o)
    0x00000412   0x00000412   0x00000000   Code   RO          542    .ARM.Collect$$libinit$$0000001D  c_w.l(libinit2.o)
    0x00000412   0x00000412   0x00000000   Code   RO          544    .ARM.Collect$$libinit$$0000001F  c_w.l(libinit2.o)
    0x00000412   0x00000412   0x00000000   Code   RO          546    .ARM.Collect$$libinit$$00000021  c_w.l(libinit2.o)
    0x00000412   0x00000412   0x00000000   Code   RO          548    .ARM.Collect$$libinit$$00000023  c_w.l(libinit2.o)
    0x00000412   0x00000412   0x00000000   Code   RO          550    .ARM.Collect$$libinit$$00000025  c_w.l(libinit2.o)
    0x00000412   0x00000412   0x00000000   Code   RO          552    .ARM.Collect$$libinit$$00000027  c_w.l(libinit2.o)
    0x00000412   0x00000412   0x00000000   Code   RO          556    .ARM.Collect$$libinit$$0000002E  c_w.l(libinit2.o)
    0x00000412   0x00000412   0x00000000   Code   RO          558    .ARM.Collect$$libinit$$00000030  c_w.l(libinit2.o)
    0x00000412   0x00000412   0x00000000   Code   RO          560    .ARM.Collect$$libinit$$00000032  c_w.l(libinit2.o)
    0x00000412   0x00000412   0x00000000   Code   RO          562    .ARM.Collect$$libinit$$00000034  c_w.l(libinit2.o)
    0x00000412   0x00000412   0x00000002   Code   RO          563    .ARM.Collect$$libinit$$00000035  c_w.l(libinit2.o)
    0x00000414   0x00000414   0x00000002   Code   RO          585    .ARM.Collect$$libshutdown$$00000000  c_w.l(libshutdown.o)
    0x00000416   0x00000416   0x00000000   Code   RO          600    .ARM.Collect$$libshutdown$$00000002  c_w.l(libshutdown2.o)
    0x00000416   0x00000416   0x00000000   Code   RO          602    .ARM.Collect$$libshutdown$$00000004  c_w.l(libshutdown2.o)
    0x00000416   0x00000416   0x00000000   Code   RO          605    .ARM.Collect$$libshutdown$$00000007  c_w.l(libshutdown2.o)
    0x00000416   0x00000416   0x00000000   Code   RO          608    .ARM.Collect$$libshutdown$$0000000A  c_w.l(libshutdown2.o)
    0x00000416   0x00000416   0x00000000   Code   RO          610    .ARM.Collect$$libshutdown$$0000000C  c_w.l(libshutdown2.o)
    0x00000416   0x00000416   0x00000000   Code   RO          613    .ARM.Collect$$libshutdown$$0000000F  c_w.l(libshutdown2.o)
    0x00000416   0x00000416   0x00000002   Code   RO          614    .ARM.Collect$$libshutdown$$00000010  c_w.l(libshutdown2.o)
    0x00000418   0x00000418   0x00000000   Code   RO          486    .ARM.Collect$$rtentry$$00000000  c_w.l(__rtentry.o)
    0x00000418   0x00000418   0x00000000   Code   RO          488    .ARM.Collect$$rtentry$$00000002  c_w.l(__rtentry2.o)
    0x00000418   0x00000418   0x00000006   Code   RO          500    .ARM.Collect$$rtentry$$00000004  c_w.l(__rtentry4.o)
    0x0000041e   0x0000041e   0x00000000   Code   RO          490    .ARM.Collect$$rtentry$$00000009  c_w.l(__rtentry2.o)
    0x0000041e   0x0000041e   0x00000004   Code   RO          491    .ARM.Collect$$rtentry$$0000000A  c_w.l(__rtentry2.o)
    0x00000422   0x00000422   0x00000000   Code   RO          493    .ARM.Collect$$rtentry$$0000000C  c_w.l(__rtentry2.o)
    0x00000422   0x00000422   0x00000008   Code   RO          494    .ARM.Collect$$rtentry$$0000000D  c_w.l(__rtentry2.o)
    0x0000042a   0x0000042a   0x00000002   Code   RO          515    .ARM.Collect$$rtexit$$00000000  c_w.l(rtexit.o)
    0x0000042c   0x0000042c   0x00000000   Code   RO          565    .ARM.Collect$$rtexit$$00000002  c_w.l(rtexit2.o)
    0x0000042c   0x0000042c   0x00000004   Code   RO          566    .ARM.Collect$$rtexit$$00000003  c_w.l(rtexit2.o)
    0x00000430   0x00000430   0x00000006   Code   RO          567    .ARM.Collect$$rtexit$$00000004  c_w.l(rtexit2.o)
    0x00000436   0x00000436   0x00000002   PAD
    0x00000438   0x00000438   0x00000164   Code   RO           68    .text               startup_tm4c123gh6pm.o
    0x0000059c   0x0000059c   0x00000006   Code   RO          482    .text               c_w.l(heapauxi.o)
    0x000005a2   0x000005a2   0x0000004a   Code   RO          502    .text               c_w.l(sys_stackheap_outer.o)
    0x000005ec   0x000005ec   0x00000012   Code   RO          504    .text               c_w.l(exit.o)
    0x000005fe   0x000005fe   0x00000002   PAD
    0x00000600   0x00000600   0x00000008   Code   RO          512    .text               c_w.l(libspace.o)
    0x00000608   0x00000608   0x0000000c   Code   RO          575    .text               c_w.l(sys_exit.o)
    0x00000614   0x00000614   0x00000002   Code   RO          590    .text               c_w.l(use_no_semi.o)
    0x00000616   0x00000616   0x00000000   Code   RO          592    .text               c_w.l(indicate_semi.o)
    0x00000616   0x00000616   0x00000002   PAD
    0x00000618   0x00000618   0x000000a2   Code   RO           29    .text.BSP_init      bsp.o
    0x000006ba   0x000006ba   0x00000002   PAD
    0x000006bc   0x000006bc   0x0000000e   Code   RO           37    .text.BSP_ledBlueOff  bsp.o
    0x000006ca   0x000006ca   0x00000002   PAD
    0x000006cc   0x000006cc   0x0000000e   Code   RO           35    .text.BSP_ledBlueOn  bsp.o
    0x000006da   0x000006da   0x00000002   PAD
    0x000006dc   0x000006dc   0x0000000e   Code   RO           41    .text.BSP_ledGreenOff  bsp.o
    0x000006ea   0x000006ea   0x00000002   PAD
    0x000006ec   0x000006ec   0x0000000e   Code   RO           39    .text.BSP_ledGreenOn  bsp.o
    0x000006fa   0x000006fa   0x00000002   PAD
    0x000006fc   0x000006fc   0x00000060   Code   RO           27    .text.GPIOPortF_IRQHandler  bsp.o
    0x0000075c   0x0000075c   0x0000001c   Code   RO          445    .text.NMI_Handler   qxk_port.o
    0x00000778   0x00000778   0x000000f0   Code   RO          441    .text.PendSV_Handler  qxk_port.o
    0x00000868   0x00000868   0x00000028   Code   RO          237    .text.QActive_ctor  qf_qact.o
    0x00000890   0x00000890   0x000000b8   Code   RO          113    .text.QActive_get_  qf_actq.o
    0x00000948   0x00000948   0x000001d2   Code   RO           99    .text.QActive_post_  qf_actq.o
    0x00000b1a   0x00000b1a   0x00000002   PAD
    0x00000b1c   0x00000b1c   0x0000016a   Code   RO          239    .text.QActive_register_  qf_qact.o
    0x00000c86   0x00000c86   0x00000002   PAD
    0x00000c88   0x00000c88   0x00000152   Code   RO          332    .text.QActive_start_  qxk.o
    0x00000dda   0x00000dda   0x00000002   PAD
    0x00000ddc   0x00000ddc   0x00000040   Code   RO          252    .text.QEQueue_init  qf_qeq.o
    0x00000e1c   0x00000e1c   0x00000026   Code   RO          275    .text.QEvt_ctor     qf_time.o
    0x00000e42   0x00000e42   0x00000002   PAD
    0x00000e44   0x00000e44   0x00000010   Code   RO          103    .text.QEvt_getPoolId_  qf_actq.o
    0x00000e54   0x00000e54   0x00000010   Code   RO          165    .text.QEvt_getPoolId_  qf_dyn.o
    0x00000e64   0x00000e64   0x00000010   Code   RO          167    .text.QEvt_refCtr_dec_  qf_dyn.o
    0x00000e74   0x00000e74   0x00000010   Code   RO          105    .text.QEvt_refCtr_inc_  qf_actq.o
    0x00000e84   0x00000e84   0x0000002c   Code   RO          101    .text.QEvt_verify_  qf_actq.o
    0x00000eb0   0x00000eb0   0x0000002c   Code   RO          163    .text.QEvt_verify_  qf_dyn.o
    0x00000edc   0x00000edc   0x0000002c   Code   RO          462    .text.QEvt_verify_  qep_hsm.o
    0x00000f08   0x00000f08   0x00000030   Code   RO           89    .text.QF_bzero_     qf_act.o
    0x00000f38   0x00000f38   0x000000ba   Code   RO          161    .text.QF_gc         qf_dyn.o
    0x00000ff2   0x00000ff2   0x00000002   PAD
    0x00000ff4   0x00000ff4   0x0000006a   Code   RO          326    .text.QF_init       qxk.o
    0x0000105e   0x0000105e   0x00000002   PAD
    0x00001060   0x00001060   0x00000042   Code   RO           43    .text.QF_onStartup  bsp.o
    0x000010a2   0x000010a2   0x00000002   PAD
    0x000010a4   0x000010a4   0x0000003e   Code   RO          330    .text.QF_run        qxk.o
    0x000010e2   0x000010e2   0x00000002   PAD
    0x000010e4   0x000010e4   0x00000028   Code   RO          454    .text.QHsm_ctor     qep_hsm.o
    0x0000110c   0x0000110c   0x00000238   Code   RO          458    .text.QHsm_dispatch_  qep_hsm.o
    0x00001344   0x00001344   0x00000186   Code   RO          456    .text.QHsm_init_    qep_hsm.o
    0x000014ca   0x000014ca   0x00000002   PAD
    0x000014cc   0x000014cc   0x0000000c   Code   RO          460    .text.QHsm_top      qep_hsm.o
    0x000014d8   0x000014d8   0x000002aa   Code   RO          464    .text.QHsm_tran_    qep_hsm.o
    0x00001782   0x00001782   0x00000002   PAD
    0x00001784   0x00001784   0x00000080   Code   RO          187    .text.QMPool_put    qf_mem.o
    0x00001804   0x00001804   0x00000014   Code   RO          314    .text.QPSet_findMax  qxk.o
    0x00001818   0x00001818   0x00000014   Code   RO          394    .text.QPSet_findMax  qxk_sema.o
    0x0000182c   0x0000182c   0x00000018   Code   RO          316    .text.QPSet_hasElement  qxk.o
    0x00001844   0x00001844   0x00000018   Code   RO          386    .text.QPSet_hasElement  qxk_sema.o
    0x0000185c   0x0000185c   0x0000001a   Code   RO          107    .text.QPSet_insert  qf_actq.o
    0x00001876   0x00001876   0x00000002   PAD
    0x00001878   0x00001878   0x0000001a   Code   RO          334    .text.QPSet_insert  qxk.o
    0x00001892   0x00001892   0x00000002   PAD
    0x00001894   0x00001894   0x0000001a   Code   RO          384    .text.QPSet_insert  qxk_sema.o
    0x000018ae   0x000018ae   0x00000002   PAD
    0x000018b0   0x000018b0   0x0000001a   Code   RO          424    .text.QPSet_insert  qxk_xthr.o
    0x000018ca   0x000018ca   0x00000002   PAD
    0x000018cc   0x000018cc   0x00000012   Code   RO          312    .text.QPSet_isEmpty  qxk.o
    0x000018de   0x000018de   0x00000002   PAD
    0x000018e0   0x000018e0   0x00000012   Code   RO          392    .text.QPSet_notEmpty  qxk_sema.o
    0x000018f2   0x000018f2   0x00000002   PAD
    0x000018f4   0x000018f4   0x0000001a   Code   RO          318    .text.QPSet_remove  qxk.o
    0x0000190e   0x0000190e   0x00000002   PAD
    0x00001910   0x00001910   0x0000001a   Code   RO          380    .text.QPSet_remove  qxk_sema.o
    0x0000192a   0x0000192a   0x00000002   PAD
    0x0000192c   0x0000192c   0x0000001a   Code   RO          420    .text.QPSet_remove  qxk_xthr.o
    0x00001946   0x00001946   0x00000002   PAD
    0x00001948   0x00001948   0x0000000e   Code   RO          376    .text.QPSet_setEmpty  qxk_sema.o
    0x00001956   0x00001956   0x00000002   PAD
    0x00001958   0x00001958   0x00000014   Code   RO          109    .text.QPSet_update_  qf_actq.o
    0x0000196c   0x0000196c   0x00000014   Code   RO          320    .text.QPSet_update_  qxk.o
    0x00001980   0x00001980   0x00000014   Code   RO          382    .text.QPSet_update_  qxk_sema.o
    0x00001994   0x00001994   0x00000014   Code   RO          422    .text.QPSet_update_  qxk_xthr.o
    0x000019a8   0x000019a8   0x0000001c   Code   RO          310    .text.QPSet_verify_  qxk.o
    0x000019c4   0x000019c4   0x0000006a   Code   RO          273    .text.QTimeEvt_ctorX  qf_time.o
    0x00001a2e   0x00001a2e   0x00000002   PAD
    0x00001a30   0x00001a30   0x0000015e   Code   RO          287    .text.QTimeEvt_tick_  qf_time.o
    0x00001b8e   0x00001b8e   0x00000002   PAD
    0x00001b90   0x00001b90   0x00000200   Code   RO          306    .text.QXK_activate_  qxk.o
    0x00001d90   0x00001d90   0x00000070   Code   RO          439    .text.QXK_init      qxk_port.o
    0x00001e00   0x00001e00   0x00000012   Code   RO           53    .text.QXK_onIdle    bsp.o
    0x00001e12   0x00001e12   0x00000002   PAD
    0x00001e14   0x00001e14   0x00000178   Code   RO          304    .text.QXK_sched_    qxk.o
    0x00001f8c   0x00001f8c   0x000000b4   Code   RO          324    .text.QXK_threadExit_  qxk.o
    0x00002040   0x00002040   0x00000020   Code   RO          443    .text.QXK_thread_ret  qxk_port.o
    0x00002060   0x00002060   0x00000062   Code   RO          374    .text.QXSemaphore_init  qxk_sema.o
    0x000020c2   0x000020c2   0x00000002   PAD
    0x000020c4   0x000020c4   0x000000fe   Code   RO          390    .text.QXSemaphore_signal  qxk_sema.o
    0x000021c2   0x000021c2   0x00000002   PAD
    0x000021c4   0x000021c4   0x00000172   Code   RO          378    .text.QXSemaphore_wait  qxk_sema.o
    0x00002336   0x00002336   0x00000002   PAD
    0x00002338   0x00002338   0x00000058   Code   RO          410    .text.QXThread_block_  qxk_xthr.o
    0x00002390   0x00002390   0x0000002e   Code   RO          404    .text.QXThread_ctor  qxk_xthr.o
    0x000023be   0x000023be   0x00000002   PAD
    0x000023c0   0x000023c0   0x000000ee   Code   RO          406    .text.QXThread_delay  qxk_xthr.o
    0x000024ae   0x000024ae   0x00000002   PAD
    0x000024b0   0x000024b0   0x00000132   Code   RO          437    .text.QXThread_stackInit_  qxk_port.o
    0x000025e2   0x000025e2   0x00000002   PAD
    0x000025e4   0x000025e4   0x000000ac   Code   RO          408    .text.QXThread_teArm_  qxk_xthr.o
    0x00002690   0x00002690   0x0000002e   Code   RO          414    .text.QXThread_teDisarm_  qxk_xthr.o
    0x000026be   0x000026be   0x00000002   PAD
    0x000026c0   0x000026c0   0x00000016   Code   RO          426    .text.QXThread_timeout_  qxk_xthr.o
    0x000026d6   0x000026d6   0x00000002   PAD
    0x000026d8   0x000026d8   0x0000004c   Code   RO          416    .text.QXThread_unblock_  qxk_xthr.o
    0x00002724   0x00002724   0x00000016   Code   RO           55    .text.Q_onError     bsp.o
    0x0000273a   0x0000273a   0x00000002   PAD
    0x0000273c   0x0000273c   0x00000054   Code   RO           45    .text.SysTick_Config  bsp.o
    0x00002790   0x00002790   0x0000003c   Code   RO           25    .text.SysTick_Handler  bsp.o
    0x000027cc   0x000027cc   0x00000146   Code   RO           75    .text.SystemCoreClockUpdate  system_tm4c123gh6pm.o
    0x00002912   0x00002912   0x00000002   PAD
    0x00002914   0x00002914   0x0000010c   Code   RO           79    .text.SystemInit    system_tm4c123gh6pm.o
    0x00002a20   0x00002a20   0x00000030   Code   RO           49    .text.__NVIC_EnableIRQ  bsp.o
    0x00002a50   0x00002a50   0x00000042   Code   RO           47    .text.__NVIC_SetPriority  bsp.o
    0x00002a92   0x00002a92   0x00000002   PAD
    0x00002a94   0x00002a94   0x0000000e   Code   RO           57    .text.assert_failed  bsp.o
    0x00002aa2   0x00002aa2   0x00000002   PAD
    0x00002aa4   0x00002aa4   0x00000168   Code   RO           77    .text.getOscClk     system_tm4c123gh6pm.o
    0x00002c0c   0x00002c0c   0x00000098   Code   RO            8    .text.main          main.o
    0x00002ca4   0x00002ca4   0x00000030   Code   RO            2    .text.main_blinky1  main.o
    0x00002cd4   0x00002cd4   0x00000038   Code   RO            4    .text.main_blinky2  main.o
    0x00002d0c   0x00002d0c   0x0000001a   Code   RO          573    x$fpl$fpinit        fz_wm.l(fpinit.o)
    0x00002d26   0x00002d26   0x00000002   PAD
    0x00002d28   0x00002d28   0x00000008   Data   RO          243    .rodata.QActive_ctor.vtable  qf_qact.o
    0x00002d30   0x00002d30   0x00000010   Data   RO          471    .rodata.QEvt_reserved_  qep_hsm.o
    0x00002d40   0x00002d40   0x00000028   Data   RO          338    .rodata.QF_init.idle_ao  qxk.o
    0x00002d68   0x00002d68   0x00000008   Data   RO          472    .rodata.QHsm_ctor.vtable  qep_hsm.o
    0x00002d70   0x00002d70   0x00000008   Data   RO          125    .rodata.Q_this_module_  qf_actq.o
    0x00002d78   0x00002d78   0x00000007   Data   RO          175    .rodata.Q_this_module_  qf_dyn.o
    0x00002d7f   0x00002d7f   0x00000007   Data   RO          189    .rodata.Q_this_module_  qf_mem.o
    0x00002d86   0x00002d86   0x00000008   Data   RO          244    .rodata.Q_this_module_  qf_qact.o
    0x00002d8e   0x00002d8e   0x00000008   Data   RO          291    .rodata.Q_this_module_  qf_time.o
    0x00002d96   0x00002d96   0x00000004   Data   RO          336    .rodata.Q_this_module_  qxk.o
    0x00002d9a   0x00002d9a   0x00000009   Data   RO          396    .rodata.Q_this_module_  qxk_sema.o
    0x00002da3   0x00002da3   0x00000009   Data   RO          428    .rodata.Q_this_module_  qxk_xthr.o
    0x00002dac   0x00002dac   0x00000008   Data   RO          473    .rodata.Q_this_module_  qep_hsm.o
    0x00002db4   0x00002db4   0x00000030   Data   RO          648    Region$$Table       anon$$obj.o


    Execution Region RW_STACK (Exec base: 0x20000000, Load base: 0x00002de4, Size: 0x00000800, Max: 0xffffffff, ABSOLUTE)

    Exec Addr    Load Addr    Size         Type   Attr      Idx    E Section Name        Object

    0x20000000        -       0x00000800   Zero   RW           65    STACK               startup_tm4c123gh6pm.o


    Execution Region RW_IRAM1 (Exec base: 0x20000800, Load base: 0x00002de8, Size: 0x00000320, Max: 0x00007800, ABSOLUTE)

    Exec Addr    Load Addr    Size         Type   Attr      Idx    E Section Name        Object

    0x20000800   0x00002de8   0x00000004   Data   RW           81    .data.SystemCoreClock  system_tm4c123gh6pm.o
    0x20000804   0x00002dec   0x00000004   PAD
    0x20000808        -       0x00000060   Zero   RW          513    .bss                c_w.l(libspace.o)
    0x20000868        -       0x00000084   Zero   RW           91    .bss.QActive_registry_  qf_act.o
    0x200008ec        -       0x00000040   Zero   RW           92    .bss.QF_priv_       qf_act.o
    0x2000092c        -       0x00000014   Zero   RW          292    .bss.QTimeEvt_timeEvtHead_  qf_time.o
    0x20000940        -       0x00000020   Zero   RW          337    .bss.QXK_priv_      qxk.o
    0x20000960        -       0x00000008   Zero   RW           10    .bss.SW1_sema       main.o
    0x20000968        -       0x0000003c   Zero   RW           11    .bss.blinky1        main.o
    0x200009a4        -       0x0000003c   Zero   RW           13    .bss.blinky2        main.o
    0x200009e0        -       0x000000a0   Zero   RW           12    .bss.stack_blinky1  main.o
    0x20000a80        -       0x000000a0   Zero   RW           14    .bss.stack_blinky2  main.o
    0x20000b20        -       0x00000000   Zero   RW           66    HEAP                startup_tm4c123gh6pm.o


==============================================================================

Image component sizes


      Code (inc. data)   RO Data    RW Data    ZI Data      Debug   Object Name

       692          0          0          0          0       9955   bsp.o
       256          0          0          0        448       3585   main.o
      1736          0         32          0          0       6018   qep_hsm.o
        48          0          0          0        196       3292   qf_act.o
       772          0          8          0          0       6229   qf_actq.o
       262          0          7          0          0       3054   qf_dyn.o
       128          0          7          0          0       2278   qf_mem.o
       402          0         16          0          0       3475   qf_qact.o
        64          0          0          0          0       2865   qf_qeq.o
       494          0          8          0         20       5408   qf_time.o
      1736          0         44          0         32       7199   qxk.o
       718         20          0          0          0       3602   qxk_port.o
       870          0          9          0          0       5360   qxk_sema.o
       760          0          9          0          0       5767   qxk_xthr.o
       356        178        876          0       2048       1180   startup_tm4c123gh6pm.o
       954         28          0          4          0       6614   system_tm4c123gh6pm.o

    ----------------------------------------------------------------------
     10328        226       1064          4       2748      75881   Object Totals
         0          0         48          0          0          0   (incl. Generated)
        80          0          0          0          4          0   (incl. Padding)

    ----------------------------------------------------------------------

      Code (inc. data)   RO Data    RW Data    ZI Data      Debug   Library Member Name

         8          0          0          0          0         68   __main.o
         0          0          0          0          0          0   __rtentry.o
        12          0          0          0          0          0   __rtentry2.o
         6          0          0          0          0          0   __rtentry4.o
        94          8          0          0          0          0   __scatter.o
        26          0          0          0          0          0   __scatter_copy.o
        28          0          0          0          0          0   __scatter_zi.o
        18          0          0          0          0         80   exit.o
         6          0          0          0          0        152   heapauxi.o
         0          0          0          0          0          0   indicate_semi.o
         2          0          0          0          0          0   libinit.o
         6          0          0          0          0          0   libinit2.o
         2          0          0          0          0          0   libshutdown.o
         2          0          0          0          0          0   libshutdown2.o
         8          4          0          0         96         68   libspace.o
         2          0          0          0          0          0   rtexit.o
        10          0          0          0          0          0   rtexit2.o
        12          4          0          0          0         68   sys_exit.o
        74          0          0          0          0         80   sys_stackheap_outer.o
         2          0          0          0          0         68   use_no_semi.o
        26          0          0          0          0        116   fpinit.o

    ----------------------------------------------------------------------
       356         16          0          0         96        700   Library Totals
        12          0          0          0          0          0   (incl. Padding)

    ----------------------------------------------------------------------

      Code (inc. data)   RO Data    RW Data    ZI Data      Debug   Library Name

       318         16          0          0         96        584   c_w.l
        26          0          0          0          0        116   fz_wm.l

    ----------------------------------------------------------------------
       356         16          0          0         96        700   Library Totals

    ----------------------------------------------------------------------

==============================================================================


      Code (inc. data)   RO Data    RW Data    ZI Data      Debug   

     10684        242       1064          4       2844      76213   Grand Totals
     10684        242       1064          4       2844      76213   ELF Image Totals
     10684        242       1064          4          0          0   ROM Totals

==============================================================================

    Total RO  Size (Code + RO Data)                11748 (  11.47kB)
    Total RW  Size (RW Data + ZI Data)              2848 (   2.78kB)
    Total ROM Size (Code + RO Data + RW Data)      11752 (  11.48kB)

==============================================================================

